;; unit-times 172.4s total, 280 units, Fri Sep 25 12:23:08 2026
    8.19 /data/data/com.termux/files/home/Cartesia-of-My-Aether/universe/galaxy/solar-system/planets/earth/computer-science/operating-systems/linux/text-editors/emacs/Manifolding-Emacs/emacs-manifoldings/files/org-manual/04-export
    7.99 /data/data/com.termux/files/home/Cartesia-of-My-Aether/universe/galaxy/solar-system/planets/earth/computer-science/operating-systems/linux/text-editors/emacs/Manifolding-Emacs/emacs-manifoldings/the-screen/display/06-screen
    6.47 /data/data/com.termux/files/home/Cartesia-of-My-Aether/universe/galaxy/solar-system/planets/earth/computer-science/operating-systems/linux/text-editors/emacs/Manifolding-Emacs/emacs-manifoldings/under-the-hood/elisp/00-types-a
    5.74 /data/data/com.termux/files/home/Cartesia-of-My-Aether/universe/galaxy/solar-system/planets/earth/computer-science/operating-systems/linux/text-editors/emacs/Manifolding-Emacs/emacs-manifoldings/files/org-manual/05-publish
    5.44 /data/data/com.termux/files/home/Cartesia-of-My-Aether/universe/galaxy/solar-system/planets/earth/computer-science/operating-systems/linux/text-editors/emacs/Manifolding-Emacs/emacs-manifoldings/building-things/maintaining-large-programs
    4.65 /data/data/com.termux/files/home/Cartesia-of-My-Aether/universe/galaxy/solar-system/planets/earth/computer-science/operating-systems/linux/text-editors/emacs/Manifolding-Emacs/emacs-manifoldings/the-screen/display/05-minibuffer
    4.18 /data/data/com.termux/files/home/Cartesia-of-My-Aether/universe/galaxy/solar-system/planets/earth/computer-science/operating-systems/linux/text-editors/emacs/Manifolding-Emacs/emacs-manifoldings/under-the-hood/dealing-with-trouble
    4.17 /data/data/com.termux/files/home/Cartesia-of-My-Aether/universe/galaxy/solar-system/planets/earth/computer-science/operating-systems/linux/text-editors/emacs/Manifolding-Emacs/emacs-manifoldings/reaching-outward/calculator/06-programming
    3.74 /data/data/com.termux/files/home/Cartesia-of-My-Aether/universe/galaxy/solar-system/planets/earth/computer-science/operating-systems/linux/text-editors/emacs/Manifolding-Emacs/emacs-manifoldings/reaching-outward/calculator/02-modes
    3.62 /data/data/com.termux/files/home/Cartesia-of-My-Aether/universe/galaxy/solar-system/planets/earth/computer-science/operating-systems/linux/text-editors/emacs/Manifolding-Emacs/emacs-manifoldings/reaching-outward/calculator/03-math
    3.57 /data/data/com.termux/files/home/Cartesia-of-My-Aether/universe/galaxy/solar-system/planets/earth/computer-science/operating-systems/linux/text-editors/emacs/Manifolding-Emacs/emacs-manifoldings/building-things/editing-programs
    3.48 /data/data/com.termux/files/home/Cartesia-of-My-Aether/universe/galaxy/solar-system/planets/earth/computer-science/operating-systems/linux/text-editors/emacs/Manifolding-Emacs/emacs-manifoldings/files/org-manual/00-structure
    3.32 /data/data/com.termux/files/home/Cartesia-of-My-Aether/universe/galaxy/solar-system/planets/earth/computer-science/operating-systems/linux/text-editors/emacs/Manifolding-Emacs/emacs-manifoldings/daily-editing/commands-for-human-languages
    3.26 /data/data/com.termux/files/home/Cartesia-of-My-Aether/universe/galaxy/solar-system/planets/earth/computer-science/operating-systems/linux/text-editors/emacs/Manifolding-Emacs/emacs-manifoldings/under-the-hood/elisp/05-programs
    3.22 /data/data/com.termux/files/home/Cartesia-of-My-Aether/universe/galaxy/solar-system/planets/earth/computer-science/operating-systems/linux/text-editors/emacs/Manifolding-Emacs/emacs-manifoldings/files/org-manual/03-agenda
    3.09 /data/data/com.termux/files/home/Cartesia-of-My-Aether/universe/galaxy/solar-system/planets/earth/computer-science/operating-systems/linux/text-editors/emacs/Manifolding-Emacs/emacs-manifoldings/reaching-outward/calculator/04-algebra
    3.03 /data/data/com.termux/files/home/Cartesia-of-My-Aether/universe/galaxy/solar-system/planets/earth/computer-science/operating-systems/linux/text-editors/emacs/Manifolding-Emacs/emacs-manifoldings/under-the-hood/getting-help
    2.99 /data/data/com.termux/files/home/Cartesia-of-My-Aether/universe/galaxy/solar-system/planets/earth/computer-science/operating-systems/linux/text-editors/emacs/Manifolding-Emacs/emacs-manifoldings/shaping-the-tool/customization
    2.93 /data/data/com.termux/files/home/Cartesia-of-My-Aether/universe/galaxy/solar-system/planets/earth/computer-science/operating-systems/linux/text-editors/emacs/Manifolding-Emacs/emacs-manifoldings/under-the-hood/elisp/01-types-b
    2.90 /data/data/com.termux/files/home/Cartesia-of-My-Aether/universe/galaxy/solar-system/planets/earth/computer-science/operating-systems/linux/text-editors/emacs/Manifolding-Emacs/emacs-manifoldings/the-screen/frames
    2.85 /data/data/com.termux/files/home/Cartesia-of-My-Aether/universe/galaxy/solar-system/planets/earth/computer-science/operating-systems/linux/text-editors/emacs/Manifolding-Emacs/emacs-manifoldings/time/calendar-and-diary
    2.66 /data/data/com.termux/files/home/Cartesia-of-My-Aether/universe/galaxy/solar-system/planets/earth/computer-science/operating-systems/linux/text-editors/emacs/Manifolding-Emacs/emacs-manifoldings/under-the-hood/elisp/06-command-loop
    2.58 /data/data/com.termux/files/home/Cartesia-of-My-Aether/universe/galaxy/solar-system/planets/earth/computer-science/operating-systems/linux/text-editors/emacs/Manifolding-Emacs/emacs-manifoldings/reaching-outward/calculator/00-start-tutorial
    2.58 /data/data/com.termux/files/home/Cartesia-of-My-Aether/universe/galaxy/solar-system/planets/earth/computer-science/operating-systems/linux/text-editors/emacs/Manifolding-Emacs/emacs-manifoldings/under-the-hood/elisp/02-eval
    2.56 /data/data/com.termux/files/home/Cartesia-of-My-Aether/universe/galaxy/solar-system/planets/earth/computer-science/operating-systems/linux/text-editors/emacs/Manifolding-Emacs/emacs-manifoldings/files/org-manual/01-items
    2.54 /data/data/com.termux/files/home/Cartesia-of-My-Aether/universe/galaxy/solar-system/planets/earth/computer-science/operating-systems/linux/text-editors/emacs/Manifolding-Emacs/emacs-manifoldings/files/file-handling
    2.38 /data/data/com.termux/files/home/Cartesia-of-My-Aether/universe/galaxy/solar-system/planets/earth/computer-science/operating-systems/linux/text-editors/emacs/Manifolding-Emacs/emacs-manifoldings/entering-the-machine/introduction
    2.23 /data/data/com.termux/files/home/Cartesia-of-My-Aether/universe/galaxy/solar-system/planets/earth/computer-science/operating-systems/linux/text-editors/emacs/Manifolding-Emacs/emacs-manifoldings/the-screen/display/03-frames-widgets
    2.05 /data/data/com.termux/files/home/Cartesia-of-My-Aether/universe/galaxy/solar-system/planets/earth/computer-science/operating-systems/linux/text-editors/emacs/Manifolding-Emacs/emacs-manifoldings/reaching-outward/calculator/01-basics
    1.94 /data/data/com.termux/files/home/Cartesia-of-My-Aether/universe/galaxy/solar-system/planets/earth/computer-science/operating-systems/linux/text-editors/emacs/Manifolding-Emacs/emacs-manifoldings/daily-editing/searching-and-matching
    1.89 /data/data/com.termux/files/home/Cartesia-of-My-Aether/universe/galaxy/solar-system/planets/earth/computer-science/operating-systems/linux/text-editors/emacs/Manifolding-Emacs/emacs-manifoldings/reaching-outward/calculator/05-io
    1.85 /data/data/com.termux/files/home/Cartesia-of-My-Aether/universe/galaxy/solar-system/planets/earth/computer-science/operating-systems/linux/text-editors/emacs/Manifolding-Emacs/emacs-manifoldings/talking-to-emacs/keys
    1.78 /data/data/com.termux/files/home/Cartesia-of-My-Aether/universe/galaxy/solar-system/planets/earth/computer-science/operating-systems/linux/text-editors/emacs/Manifolding-Emacs/emacs-manifoldings/files/file-basics
    1.75 /data/data/com.termux/files/home/Cartesia-of-My-Aether/universe/galaxy/solar-system/planets/earth/computer-science/operating-systems/linux/text-editors/emacs/Manifolding-Emacs/emacs-manifoldings/under-the-hood/elisp/03-variables
    1.71 /data/data/com.termux/files/home/Cartesia-of-My-Aether/universe/galaxy/solar-system/planets/earth/computer-science/operating-systems/linux/text-editors/emacs/Manifolding-Emacs/emacs-manifoldings/under-the-hood/processes
    1.70 /data/data/com.termux/files/home/Cartesia-of-My-Aether/universe/galaxy/solar-system/planets/earth/computer-science/operating-systems/linux/text-editors/emacs/Manifolding-Emacs/emacs-manifoldings/under-the-hood/compiling-and-testing-programs
    1.69 /data/data/com.termux/files/home/Cartesia-of-My-Aether/universe/galaxy/solar-system/planets/earth/computer-science/operating-systems/linux/text-editors/emacs/Manifolding-Emacs/emacs-manifoldings/files/file-creation/manifolding-atlas/atlas-engine/db
    1.64 /data/data/com.termux/files/home/Cartesia-of-My-Aether/universe/galaxy/solar-system/planets/earth/computer-science/operating-systems/linux/text-editors/emacs/Manifolding-Emacs/emacs-manifoldings/under-the-hood/d-bus-integration
    1.53 /data/data/com.termux/files/home/Cartesia-of-My-Aether/universe/galaxy/solar-system/planets/earth/computer-science/operating-systems/linux/text-editors/emacs/Manifolding-Emacs/emacs-manifoldings/under-the-hood/gnu-hyperbole
    1.48 /data/data/com.termux/files/home/Cartesia-of-My-Aether/universe/galaxy/solar-system/planets/earth/computer-science/operating-systems/linux/text-editors/emacs/Manifolding-Emacs/emacs-manifoldings/under-the-hood/elisp/04-functions
    1.42 /data/data/com.termux/files/home/Cartesia-of-My-Aether/universe/galaxy/solar-system/planets/earth/computer-science/operating-systems/linux/text-editors/emacs/Manifolding-Emacs/emacs-manifoldings/daily-editing/searching-and-replacement
    1.40 /data/data/com.termux/files/home/Cartesia-of-My-Aether/universe/galaxy/solar-system/planets/earth/computer-science/operating-systems/linux/text-editors/emacs/Manifolding-Emacs/emacs-manifoldings/files/file-creation/manifolding-atlas/atlas-engine/file-creation
    1.35 /data/data/com.termux/files/home/Cartesia-of-My-Aether/universe/galaxy/solar-system/planets/earth/computer-science/operating-systems/linux/text-editors/emacs/Manifolding-Emacs/emacs-manifoldings/the-screen/display/00-scrolling
    1.18 /data/data/com.termux/files/home/Cartesia-of-My-Aether/universe/galaxy/solar-system/planets/earth/computer-science/operating-systems/linux/text-editors/emacs/Manifolding-Emacs/emacs-manifoldings/files/non-ascii-characters
    1.11 /data/data/com.termux/files/home/Cartesia-of-My-Aether/universe/galaxy/solar-system/planets/earth/computer-science/operating-systems/linux/text-editors/emacs/Manifolding-Emacs/emacs-manifoldings/the-screen/display/02-faces
    1.08 /data/data/com.termux/files/home/Cartesia-of-My-Aether/universe/galaxy/solar-system/planets/earth/computer-science/operating-systems/linux/text-editors/emacs/Manifolding-Emacs/emacs-manifoldings/under-the-hood/gnu-emacs-internals
    1.08 /data/data/com.termux/files/home/Cartesia-of-My-Aether/universe/galaxy/solar-system/planets/earth/computer-science/operating-systems/linux/text-editors/emacs/Manifolding-Emacs/emacs-manifoldings/files/org-ref
    1.08 /data/data/com.termux/files/home/Cartesia-of-My-Aether/universe/galaxy/solar-system/planets/earth/computer-science/operating-systems/linux/text-editors/emacs/Manifolding-Emacs/emacs-manifoldings/under-the-hood/international-character-set-support
    1.00 /data/data/com.termux/files/home/Cartesia-of-My-Aether/universe/galaxy/solar-system/planets/earth/computer-science/operating-systems/linux/text-editors/emacs/Manifolding-Emacs/emacs-manifoldings/daily-editing/killing-and-moving-text
    0.98 /data/data/com.termux/files/home/Cartesia-of-My-Aether/universe/galaxy/solar-system/planets/earth/computer-science/operating-systems/linux/text-editors/emacs/Manifolding-Emacs/emacs-manifoldings/the-screen/display/01-echo-refresh
    0.91 /data/data/com.termux/files/home/Cartesia-of-My-Aether/universe/galaxy/solar-system/planets/earth/computer-science/operating-systems/linux/text-editors/emacs/Manifolding-Emacs/emacs-manifoldings/daily-editing/editing-commands/01-edit-kill
    0.88 /data/data/com.termux/files/home/Cartesia-of-My-Aether/universe/galaxy/solar-system/planets/earth/computer-science/operating-systems/linux/text-editors/emacs/Manifolding-Emacs/emacs-manifoldings/the-screen/buffers
    0.86 /data/data/com.termux/files/home/Cartesia-of-My-Aether/universe/galaxy/solar-system/planets/earth/computer-science/operating-systems/linux/text-editors/emacs/Manifolding-Emacs/emacs-manifoldings/files/syntax-tables
    0.83 /data/data/com.termux/files/home/Cartesia-of-My-Aether/universe/galaxy/solar-system/planets/earth/computer-science/operating-systems/linux/text-editors/emacs/Manifolding-Emacs/emacs-manifoldings/the-screen/switch-window
    0.82 /data/data/com.termux/files/home/Cartesia-of-My-Aether/universe/galaxy/solar-system/planets/earth/computer-science/operating-systems/linux/text-editors/emacs/Manifolding-Emacs/emacs-manifoldings/files/org-manual/02-dates
    0.82 /data/data/com.termux/files/home/Cartesia-of-My-Aether/universe/galaxy/solar-system/planets/earth/computer-science/operating-systems/linux/text-editors/emacs/Manifolding-Emacs/emacs-manifoldings/building-things/magit-todos
    0.79 /data/data/com.termux/files/home/Cartesia-of-My-Aether/universe/galaxy/solar-system/planets/earth/computer-science/operating-systems/linux/text-editors/emacs/Manifolding-Emacs/emacs-manifoldings/daily-editing/editing-commands/02-fill-indent
    0.74 /data/data/com.termux/files/home/Cartesia-of-My-Aether/universe/galaxy/solar-system/planets/earth/computer-science/operating-systems/linux/text-editors/emacs/Manifolding-Emacs/emacs-manifoldings/reaching-outward/shell-commands
    0.71 /data/data/com.termux/files/home/Cartesia-of-My-Aether/universe/galaxy/solar-system/planets/earth/computer-science/operating-systems/linux/text-editors/emacs/Manifolding-Emacs/emacs-manifoldings/under-the-hood/elisp/07-misc
    0.70 /data/data/com.termux/files/home/Cartesia-of-My-Aether/universe/galaxy/solar-system/planets/earth/computer-science/operating-systems/linux/text-editors/emacs/Manifolding-Emacs/emacs-manifoldings/under-the-hood/lisp-history
    0.69 /data/data/com.termux/files/home/Cartesia-of-My-Aether/universe/galaxy/solar-system/planets/earth/computer-science/operating-systems/linux/text-editors/emacs/Manifolding-Emacs/emacs-manifoldings/under-the-hood/documentation
    0.67 /data/data/com.termux/files/home/Cartesia-of-My-Aether/universe/galaxy/solar-system/planets/earth/computer-science/operating-systems/linux/text-editors/emacs/Manifolding-Emacs/emacs-manifoldings/the-screen/positions
    0.64 /data/data/com.termux/files/home/Cartesia-of-My-Aether/universe/galaxy/solar-system/planets/earth/computer-science/operating-systems/linux/text-editors/emacs/Manifolding-Emacs/emacs-manifoldings/files/file-creation/manifolding-atlas/workflows/speed-type
    0.64 /data/data/com.termux/files/home/Cartesia-of-My-Aether/universe/galaxy/solar-system/planets/earth/computer-science/operating-systems/linux/text-editors/emacs/Manifolding-Emacs/emacs-manifoldings/the-screen/windows/01-buffers
    0.62 /data/data/com.termux/files/home/Cartesia-of-My-Aether/universe/galaxy/solar-system/planets/earth/computer-science/operating-systems/linux/text-editors/emacs/Manifolding-Emacs/emacs-manifoldings/daily-editing/editing-commands/05-data
    0.61 /data/data/com.termux/files/home/Cartesia-of-My-Aether/universe/galaxy/solar-system/planets/earth/computer-science/operating-systems/linux/text-editors/emacs/Manifolding-Emacs/emacs-manifoldings/the-screen/display/04-terminal
    0.58 /data/data/com.termux/files/home/Cartesia-of-My-Aether/universe/galaxy/solar-system/planets/earth/computer-science/operating-systems/linux/text-editors/emacs/Manifolding-Emacs/emacs-manifoldings/the-screen/pulsar
    0.56 /data/data/com.termux/files/home/Cartesia-of-My-Aether/universe/galaxy/solar-system/planets/earth/computer-science/operating-systems/linux/text-editors/emacs/Manifolding-Emacs/emacs-manifoldings/daily-editing/editing-commands/04-encoding
    0.52 /data/data/com.termux/files/home/Cartesia-of-My-Aether/universe/galaxy/solar-system/planets/earth/computer-science/operating-systems/linux/text-editors/emacs/Manifolding-Emacs/emacs-manifoldings/the-screen/windows/02-history
    0.51 /data/data/com.termux/files/home/Cartesia-of-My-Aether/universe/galaxy/solar-system/planets/earth/computer-science/operating-systems/linux/text-editors/emacs/Manifolding-Emacs/emacs-manifoldings/shaping-the-tool/modus-themes
    0.51 /data/data/com.termux/files/home/Cartesia-of-My-Aether/universe/galaxy/solar-system/planets/earth/computer-science/operating-systems/linux/text-editors/emacs/Manifolding-Emacs/emacs-manifoldings/daily-editing/editing-commands/03-properties
    0.51 /data/data/com.termux/files/home/Cartesia-of-My-Aether/universe/galaxy/solar-system/planets/earth/computer-science/operating-systems/linux/text-editors/emacs/Manifolding-Emacs/emacs-manifoldings/files/file-creation/manifolding-atlas/manifolding-dashboard
    0.50 /data/data/com.termux/files/home/Cartesia-of-My-Aether/universe/galaxy/solar-system/planets/earth/computer-science/operating-systems/linux/text-editors/emacs/Manifolding-Emacs/emacs-manifoldings/files/file-creation/manifolding-atlas/atlas-engine/atlas-wormholes
    0.49 /data/data/com.termux/files/home/Cartesia-of-My-Aether/universe/galaxy/solar-system/planets/earth/computer-science/operating-systems/linux/text-editors/emacs/Manifolding-Emacs/mind-maps/live-shapeshifting-mind-maps
    0.48 /data/data/com.termux/files/home/Cartesia-of-My-Aether/universe/galaxy/solar-system/planets/earth/computer-science/operating-systems/linux/text-editors/emacs/Manifolding-Emacs/emacs-manifoldings/files/file-creation/manifolding-atlas/org-ql
    0.47 /data/data/com.termux/files/home/Cartesia-of-My-Aether/universe/galaxy/solar-system/planets/earth/computer-science/operating-systems/linux/text-editors/emacs/Manifolding-Emacs/emacs-manifoldings/the-screen/windows/00-manage
    0.46 /data/data/com.termux/files/home/Cartesia-of-My-Aether/universe/galaxy/solar-system/planets/earth/computer-science/operating-systems/linux/text-editors/emacs/Manifolding-Emacs/emacs-manifoldings/files/backups-and-auto-saving
    0.44 /data/data/com.termux/files/home/Cartesia-of-My-Aether/universe/galaxy/solar-system/planets/earth/computer-science/operating-systems/linux/text-editors/emacs/Manifolding-Emacs/emacs-manifoldings/under-the-hood/parsing-program-source
    0.44 /data/data/com.termux/files/home/Cartesia-of-My-Aether/universe/galaxy/solar-system/planets/earth/computer-science/operating-systems/linux/text-editors/emacs/Manifolding-Emacs/emacs-manifoldings/under-the-hood/tips-and-conventions
    0.43 /data/data/com.termux/files/home/Cartesia-of-My-Aether/universe/galaxy/solar-system/planets/earth/computer-science/operating-systems/linux/text-editors/emacs/Manifolding-Emacs/emacs-manifoldings/files/poly-org
    0.41 /data/data/com.termux/files/home/Cartesia-of-My-Aether/universe/galaxy/solar-system/planets/earth/computer-science/operating-systems/linux/text-editors/emacs/Manifolding-Emacs/emacs-manifoldings/daily-editing/registers
    0.41 /data/data/com.termux/files/home/Cartesia-of-My-Aether/universe/galaxy/solar-system/planets/earth/computer-science/operating-systems/linux/text-editors/emacs/Manifolding-Emacs/emacs-manifoldings/daily-editing/abbrev
    0.41 /data/data/com.termux/files/home/Cartesia-of-My-Aether/universe/galaxy/solar-system/planets/earth/computer-science/operating-systems/linux/text-editors/emacs/Manifolding-Emacs/emacs-manifoldings/daily-editing/editing-commands/06-misc
    0.40 /data/data/com.termux/files/home/Cartesia-of-My-Aether/universe/galaxy/solar-system/planets/earth/computer-science/operating-systems/linux/text-editors/emacs/Manifolding-Emacs/emacs-manifoldings/daily-editing/mark-and-region
    0.40 /data/data/com.termux/files/home/Cartesia-of-My-Aether/universe/galaxy/solar-system/planets/earth/computer-science/operating-systems/linux/text-editors/emacs/Manifolding-Emacs/emacs-manifoldings/the-screen/markers
    0.37 /data/data/com.termux/files/home/Cartesia-of-My-Aether/universe/galaxy/solar-system/planets/earth/computer-science/operating-systems/linux/text-editors/emacs/Manifolding-Emacs/emacs-manifoldings/building-things/emacs-opencode
    0.37 /data/data/com.termux/files/home/Cartesia-of-My-Aether/universe/galaxy/solar-system/planets/earth/computer-science/operating-systems/linux/text-editors/emacs/Manifolding-Emacs/emacs-manifoldings/files/file-creation/manifolding-atlas/manifolding-keyboard/cores/key-selection
    0.37 /data/data/com.termux/files/home/Cartesia-of-My-Aether/universe/galaxy/solar-system/planets/earth/computer-science/operating-systems/linux/text-editors/emacs/Manifolding-Emacs/emacs-manifoldings/talking-to-emacs/keyboard-macros
    0.34 /data/data/com.termux/files/home/Cartesia-of-My-Aether/universe/galaxy/solar-system/planets/earth/computer-science/operating-systems/linux/text-editors/emacs/Manifolding-Emacs/emacs-manifoldings/files/file-creation/manifolding-atlas/workflows/routines
    0.33 /data/data/com.termux/files/home/Cartesia-of-My-Aether/universe/galaxy/solar-system/planets/earth/computer-science/operating-systems/linux/text-editors/emacs/Manifolding-Emacs/emacs-manifoldings/files/file-creation/manifolding-atlas/atlas-engine/blueprint
    0.32 /data/data/com.termux/files/home/Cartesia-of-My-Aether/universe/galaxy/solar-system/planets/earth/computer-science/operating-systems/linux/text-editors/emacs/Manifolding-Emacs/emacs-manifoldings/files/detexify
    0.32 /data/data/com.termux/files/home/Cartesia-of-My-Aether/universe/galaxy/solar-system/planets/earth/computer-science/operating-systems/linux/text-editors/emacs/Manifolding-Emacs/emacs-manifoldings/reaching-outward/hyperlinking-and-web-navigation
    0.32 /data/data/com.termux/files/home/Cartesia-of-My-Aether/universe/galaxy/solar-system/planets/earth/computer-science/operating-systems/linux/text-editors/emacs/Manifolding-Emacs/emacs-manifoldings/building-things/preparing-lisp-for-distribution
    0.31 /data/data/com.termux/files/home/Cartesia-of-My-Aether/universe/galaxy/solar-system/planets/earth/computer-science/operating-systems/linux/text-editors/emacs/Manifolding-Emacs/emacs-manifoldings/files/file-creation/manifolding-atlas/atlas-engine/semantic-similar
    0.28 /data/data/com.termux/files/home/Cartesia-of-My-Aether/universe/galaxy/solar-system/planets/earth/computer-science/operating-systems/linux/text-editors/emacs/Manifolding-Emacs/emacs-manifoldings/daily-editing/indentation
    0.26 /data/data/com.termux/files/home/Cartesia-of-My-Aether/universe/galaxy/solar-system/planets/earth/computer-science/operating-systems/linux/text-editors/emacs/Manifolding-Emacs/emacs-manifoldings/files/file-creation/manifolding-atlas/atlas-engine/restoration
    0.26 /data/data/com.termux/files/home/Cartesia-of-My-Aether/universe/galaxy/solar-system/planets/earth/computer-science/operating-systems/linux/text-editors/emacs/Manifolding-Emacs/emacs-manifoldings/daily-editing/commands-for-fixing-typos
    0.25 /data/data/com.termux/files/home/Cartesia-of-My-Aether/universe/galaxy/solar-system/planets/earth/computer-science/operating-systems/linux/text-editors/emacs/Manifolding-Emacs/emacs-manifoldings/building-things/emacs-development
    0.24 /data/data/com.termux/files/home/Cartesia-of-My-Aether/universe/galaxy/solar-system/planets/earth/computer-science/operating-systems/linux/text-editors/emacs/Manifolding-Emacs/emacs-manifoldings/files/file-creation/manifolding-atlas/atlas-engine/mastering
    0.24 /data/data/com.termux/files/home/Cartesia-of-My-Aether/universe/galaxy/solar-system/planets/earth/computer-science/operating-systems/linux/text-editors/emacs/Manifolding-Emacs/emacs-manifoldings/files/file-creation/manifolding-atlas/blueprints/heading-unfoldings/body-unfoldings/files/math
    0.24 /data/data/com.termux/files/home/Cartesia-of-My-Aether/universe/galaxy/solar-system/planets/earth/computer-science/operating-systems/linux/text-editors/emacs/Manifolding-Emacs/emacs-manifoldings/files/file-creation/manifolding-atlas/blueprints/heading-unfoldings/body-unfoldings/files/protocol
    0.21 /data/data/com.termux/files/home/Cartesia-of-My-Aether/universe/galaxy/solar-system/planets/earth/computer-science/operating-systems/linux/text-editors/emacs/Manifolding-Emacs/emacs-manifoldings/files/document-viewing
    0.20 /data/data/com.termux/files/home/Cartesia-of-My-Aether/universe/galaxy/solar-system/planets/earth/computer-science/operating-systems/linux/text-editors/emacs/Manifolding-Emacs/emacs-manifoldings/building-things/projectile
    0.20 /data/data/com.termux/files/home/Cartesia-of-My-Aether/universe/galaxy/solar-system/planets/earth/computer-science/operating-systems/linux/text-editors/emacs/Manifolding-Emacs/emacs-manifoldings/files/file-creation/manifolding-atlas/manifolding-keyboard/states/zz-universal
    0.19 /data/data/com.termux/files/home/Cartesia-of-My-Aether/universe/galaxy/solar-system/planets/earth/computer-science/operating-systems/linux/text-editors/emacs/Manifolding-Emacs/emacs-manifoldings/the-screen/windows/03-scrolling
    0.19 /data/data/com.termux/files/home/Cartesia-of-My-Aether/universe/galaxy/solar-system/planets/earth/computer-science/operating-systems/linux/text-editors/emacs/Manifolding-Emacs/emacs-manifoldings/files/file-creation/manifolding-atlas/atlas-engine/mind-map
    0.18 /data/data/com.termux/files/home/Cartesia-of-My-Aether/emacs-mechanism/manifolding-emacs-agent
    0.18 /data/data/com.termux/files/home/Cartesia-of-My-Aether/universe/galaxy/solar-system/planets/earth/computer-science/operating-systems/linux/text-editors/emacs/Manifolding-Emacs/emacs-manifoldings/files/org-books
    0.16 /data/data/com.termux/files/home/Cartesia-of-My-Aether/universe/galaxy/solar-system/planets/earth/computer-science/operating-systems/linux/text-editors/emacs/Manifolding-Emacs/emacs-manifoldings/files/file-creation/manifolding-atlas/atlas-engine/manifolding-unfoldings
    0.16 /data/data/com.termux/files/home/Cartesia-of-My-Aether/universe/galaxy/solar-system/planets/earth/computer-science/operating-systems/linux/text-editors/emacs/Manifolding-Emacs/emacs-manifoldings/files/file-creation/manifolding-atlas/workflows/protocols
    0.15 /data/data/com.termux/files/home/Cartesia-of-My-Aether/universe/galaxy/solar-system/planets/earth/computer-science/operating-systems/linux/text-editors/emacs/Manifolding-Emacs/emacs-manifoldings/the-screen/windows/04-configs
    0.15 /data/data/com.termux/files/home/Cartesia-of-My-Aether/universe/galaxy/solar-system/planets/earth/computer-science/operating-systems/linux/text-editors/emacs/Manifolding-Emacs/emacs-manifoldings/talking-to-emacs/completion
    0.14 /data/data/com.termux/files/home/Cartesia-of-My-Aether/universe/galaxy/solar-system/planets/earth/computer-science/operating-systems/linux/text-editors/emacs/Manifolding-Emacs/emacs-manifoldings/files/file-creation/manifolding-atlas/atlas-engine/search-center
    0.14 /data/data/com.termux/files/home/Cartesia-of-My-Aether/universe/galaxy/solar-system/planets/earth/computer-science/operating-systems/linux/text-editors/emacs/Manifolding-Emacs/emacs-manifoldings/files/file-creation/manifolding-atlas/blueprints/heading-unfoldings/body-unfoldings/files/reference
    0.14 /data/data/com.termux/files/home/Cartesia-of-My-Aether/universe/galaxy/solar-system/planets/earth/computer-science/operating-systems/linux/text-editors/emacs/Manifolding-Emacs/emacs-manifoldings/the-screen/display/07-modes
    0.13 /data/data/com.termux/files/home/Cartesia-of-My-Aether/universe/galaxy/solar-system/planets/earth/computer-science/operating-systems/linux/text-editors/emacs/Manifolding-Emacs/emacs-manifoldings/entering-the-machine/entering
    0.13 /data/data/com.termux/files/home/Cartesia-of-My-Aether/universe/galaxy/solar-system/planets/earth/computer-science/operating-systems/linux/text-editors/emacs/Manifolding-Emacs/emacs-manifoldings/reaching-outward/eshell
    0.12 /data/data/com.termux/files/home/Cartesia-of-My-Aether/universe/galaxy/solar-system/planets/earth/computer-science/operating-systems/linux/text-editors/emacs/Manifolding-Emacs/emacs-manifoldings/files/org-cliplink
    0.12 /data/data/com.termux/files/home/Cartesia-of-My-Aether/universe/galaxy/solar-system/planets/earth/computer-science/operating-systems/linux/text-editors/emacs/Manifolding-Emacs/emacs-manifoldings/the-screen/buffer-management
    0.11 /data/data/com.termux/files/home/Cartesia-of-My-Aether/universe/galaxy/solar-system/planets/earth/computer-science/operating-systems/linux/text-editors/emacs/Manifolding-Emacs/emacs-manifoldings/files/dired/dired-package
    0.11 /data/data/com.termux/files/home/Cartesia-of-My-Aether/universe/galaxy/solar-system/planets/earth/computer-science/operating-systems/linux/text-editors/emacs/Manifolding-Emacs/emacs-manifoldings/files/file-creation/manifolding-atlas/blueprints/heading-unfoldings/body-unfoldings/files/recipes
    0.10 /data/data/com.termux/files/home/Cartesia-of-My-Aether/universe/galaxy/solar-system/planets/earth/computer-science/operating-systems/linux/text-editors/emacs/Manifolding-Emacs/emacs-manifoldings/files/file-creation/manifolding-atlas/blueprints/heading-unfoldings/body-unfoldings/files/task
    0.10 /data/data/com.termux/files/home/Cartesia-of-My-Aether/universe/galaxy/solar-system/planets/earth/computer-science/operating-systems/linux/text-editors/emacs/Manifolding-Emacs/emacs-manifoldings/the-screen/emojify
    0.10 /data/data/com.termux/files/home/Cartesia-of-My-Aether/universe/galaxy/solar-system/planets/earth/computer-science/operating-systems/linux/text-editors/emacs/Manifolding-Emacs/emacs-manifoldings/files/file-creation/manifolding-atlas/atlas-engine/git-vs-backup-system
    0.09 /data/data/com.termux/files/home/Cartesia-of-My-Aether/universe/galaxy/solar-system/planets/earth/computer-science/operating-systems/linux/text-editors/emacs/Manifolding-Emacs/emacs-manifoldings/daily-editing/editing-commands/00-levels
    0.09 /data/data/com.termux/files/home/Cartesia-of-My-Aether/universe/galaxy/solar-system/planets/earth/computer-science/operating-systems/linux/text-editors/emacs/Manifolding-Emacs/emacs-manifoldings/the-screen/centaur-tabs
    0.09 /data/data/com.termux/files/home/Cartesia-of-My-Aether/universe/galaxy/solar-system/planets/earth/computer-science/operating-systems/linux/text-editors/emacs/Manifolding-Emacs/emacs-manifoldings/files/file-creation/manifolding-atlas/atlas-engine/setup
    0.09 /data/data/com.termux/files/home/Cartesia-of-My-Aether/universe/galaxy/solar-system/planets/earth/computer-science/operating-systems/linux/text-editors/emacs/Manifolding-Emacs/emacs-manifoldings/reaching-outward/nominatim
    0.09 /data/data/com.termux/files/home/Cartesia-of-My-Aether/universe/galaxy/solar-system/planets/earth/computer-science/operating-systems/linux/text-editors/emacs/Manifolding-Emacs/emacs-manifoldings/talking-to-emacs/ivy-omni-org
    0.08 /data/data/com.termux/files/home/Cartesia-of-My-Aether/universe/galaxy/solar-system/planets/earth/computer-science/operating-systems/linux/text-editors/emacs/Manifolding-Emacs/emacs-manifoldings/building-things/mmm-mode
    0.08 /data/data/com.termux/files/home/Cartesia-of-My-Aether/universe/galaxy/solar-system/planets/earth/computer-science/operating-systems/linux/text-editors/emacs/Manifolding-Emacs/emacs-manifoldings/daily-editing/multiple-cursors
    0.07 /data/data/com.termux/files/home/Cartesia-of-My-Aether/universe/galaxy/solar-system/planets/earth/computer-science/operating-systems/linux/text-editors/emacs/Manifolding-Emacs/emacs-manifoldings/files/citar
    0.07 /data/data/com.termux/files/home/Cartesia-of-My-Aether/universe/galaxy/solar-system/planets/earth/computer-science/operating-systems/linux/text-editors/emacs/Manifolding-Emacs/emacs-manifoldings/files/file-creation/manifolding-atlas/blueprints/heading-unfoldings/body-unfoldings/files/notes
    0.07 /data/data/com.termux/files/home/Cartesia-of-My-Aether/universe/galaxy/solar-system/planets/earth/computer-science/operating-systems/linux/text-editors/emacs/Manifolding-Emacs/emacs-manifoldings/entering-the-machine/restart-emacs
    0.07 /data/data/com.termux/files/home/Cartesia-of-My-Aether/universe/galaxy/solar-system/planets/earth/computer-science/operating-systems/linux/text-editors/emacs/Manifolding-Emacs/emacs-manifoldings/files/file-creation/manifolding-atlas/atlas-engine/plugins/rules
    0.07 /data/data/com.termux/files/home/Cartesia-of-My-Aether/universe/galaxy/solar-system/planets/earth/computer-science/operating-systems/linux/text-editors/emacs/Manifolding-Emacs/emacs-manifoldings/the-screen/modeline
    0.06 /data/data/com.termux/files/home/Cartesia-of-My-Aether/universe/galaxy/solar-system/planets/earth/computer-science/operating-systems/linux/text-editors/emacs/Manifolding-Emacs/emacs-manifoldings/files/file-creation/manifolding-atlas/manifolding-keyboard/engine/scaffolding
    0.06 /data/data/com.termux/files/home/Cartesia-of-My-Aether/universe/galaxy/solar-system/planets/earth/computer-science/operating-systems/linux/text-editors/emacs/Manifolding-Emacs/emacs-manifoldings/files/file-creation/manifolding-atlas/atlas-engine/tag-manager
    0.06 /data/data/com.termux/files/home/Cartesia-of-My-Aether/universe/galaxy/solar-system/planets/earth/computer-science/operating-systems/linux/text-editors/emacs/Manifolding-Emacs/mind-maps/org-mindmap
    0.06 /data/data/com.termux/files/home/Cartesia-of-My-Aether/universe/galaxy/solar-system/planets/earth/computer-science/operating-systems/linux/text-editors/emacs/Manifolding-Emacs/emacs-manifoldings/files/file-creation/manifolding-atlas/atlas-engine/search
    0.06 /data/data/com.termux/files/home/Cartesia-of-My-Aether/universe/galaxy/solar-system/planets/earth/computer-science/operating-systems/linux/text-editors/emacs/Manifolding-Emacs/emacs-manifoldings/under-the-hood/debug-adapter-protocol
    0.05 /data/data/com.termux/files/home/Cartesia-of-My-Aether/universe/galaxy/solar-system/planets/earth/computer-science/operating-systems/linux/text-editors/emacs/Manifolding-Emacs/emacs-manifoldings/under-the-hood/standard-errors
    0.05 /data/data/com.termux/files/home/Cartesia-of-My-Aether/universe/galaxy/solar-system/planets/earth/computer-science/operating-systems/linux/text-editors/emacs/Manifolding-Emacs/emacs-manifoldings/the-screen/move-text
    0.05 /data/data/com.termux/files/home/Cartesia-of-My-Aether/universe/galaxy/solar-system/planets/earth/computer-science/operating-systems/linux/text-editors/emacs/Manifolding-Emacs/emacs-manifoldings/the-screen/center-lock
    0.05 /data/data/com.termux/files/home/Cartesia-of-My-Aether/universe/galaxy/solar-system/planets/earth/computer-science/operating-systems/linux/text-editors/emacs/Manifolding-Emacs/emacs-manifoldings/under-the-hood/desktop-session-persistence
    0.05 /data/data/com.termux/files/home/Cartesia-of-My-Aether/universe/galaxy/solar-system/planets/earth/computer-science/operating-systems/linux/text-editors/emacs/Manifolding-Emacs/emacs-manifoldings/entering-the-machine/quitting-and-aborting
    0.05 /data/data/com.termux/files/home/Cartesia-of-My-Aether/universe/galaxy/solar-system/planets/earth/computer-science/operating-systems/linux/text-editors/emacs/Manifolding-Emacs/emacs-manifoldings/files/file-creation/manifolding-atlas/atlas-engine/sidebar
    0.05 /data/data/com.termux/files/home/Cartesia-of-My-Aether/universe/galaxy/solar-system/planets/earth/computer-science/operating-systems/linux/text-editors/emacs/Manifolding-Emacs/emacs-manifoldings/daily-editing/sorting-text
    0.05 /data/data/com.termux/files/home/Cartesia-of-My-Aether/universe/galaxy/solar-system/planets/earth/computer-science/operating-systems/linux/text-editors/emacs/Manifolding-Emacs/emacs-manifoldings/reaching-outward/persistent-authentication
    0.05 /data/data/com.termux/files/home/Cartesia-of-My-Aether/universe/galaxy/solar-system/planets/earth/computer-science/operating-systems/linux/text-editors/emacs/Manifolding-Emacs/emacs-manifoldings/building-things/universal-launcher
    0.05 /data/data/com.termux/files/home/Cartesia-of-My-Aether/universe/galaxy/solar-system/planets/earth/computer-science/operating-systems/linux/text-editors/emacs/Manifolding-Emacs/emacs-manifoldings/reaching-outward/org-web-tools
    0.05 /data/data/com.termux/files/home/Cartesia-of-My-Aether/universe/galaxy/solar-system/planets/earth/computer-science/operating-systems/linux/text-editors/emacs/Manifolding-Emacs/emacs-manifoldings/daily-editing/flyspell
    0.05 /data/data/com.termux/files/home/Cartesia-of-My-Aether/universe/galaxy/solar-system/planets/earth/computer-science/operating-systems/linux/text-editors/emacs/Manifolding-Emacs/emacs-manifoldings/the-screen/buffer-background
    0.05 /data/data/com.termux/files/home/Cartesia-of-My-Aether/universe/galaxy/solar-system/planets/earth/computer-science/operating-systems/linux/text-editors/emacs/Manifolding-Emacs/emacs-manifoldings/files/editing-binary-files
    0.05 /data/data/com.termux/files/home/Cartesia-of-My-Aether/universe/galaxy/solar-system/planets/earth/computer-science/operating-systems/linux/text-editors/emacs/Manifolding-Emacs/emacs-manifoldings/files/file-creation/manifolding-atlas/atlas-engine/core-helpers
    0.05 /data/data/com.termux/files/home/Cartesia-of-My-Aether/universe/galaxy/solar-system/planets/earth/computer-science/operating-systems/linux/text-editors/emacs/Manifolding-Emacs/emacs-manifoldings/files/file-creation/manifolding-atlas/atlas-engine/unlinked-mentions
    0.05 /data/data/com.termux/files/home/Cartesia-of-My-Aether/universe/galaxy/solar-system/planets/earth/computer-science/operating-systems/linux/text-editors/emacs/Manifolding-Emacs/emacs-manifoldings/reaching-outward/emacs-everywhere
    0.04 /data/data/com.termux/files/home/Cartesia-of-My-Aether/universe/galaxy/solar-system/planets/earth/computer-science/operating-systems/linux/text-editors/emacs/Manifolding-Emacs/emacs-manifoldings/daily-editing/dmacro
    0.04 /data/data/com.termux/files/home/Cartesia-of-My-Aether/universe/galaxy/solar-system/planets/earth/computer-science/operating-systems/linux/text-editors/emacs/Manifolding-Emacs/emacs-manifoldings/under-the-hood/flycheck
    0.04 /data/data/com.termux/files/home/Cartesia-of-My-Aether/universe/galaxy/solar-system/planets/earth/computer-science/operating-systems/linux/text-editors/emacs/Manifolding-Emacs/emacs-manifoldings/the-screen/minibuffer-frame
    0.04 /data/data/com.termux/files/home/Cartesia-of-My-Aether/universe/galaxy/solar-system/planets/earth/computer-science/operating-systems/linux/text-editors/emacs/Manifolding-Emacs/emacs-manifoldings/daily-editing/bookmark-plus
    0.04 /data/data/com.termux/files/home/Cartesia-of-My-Aether/universe/galaxy/solar-system/planets/earth/computer-science/operating-systems/linux/text-editors/emacs/Manifolding-Emacs/emacs-manifoldings/files/file-creation/manifolding-atlas/atlas-engine/plugins/dictionary
    0.04 /data/data/com.termux/files/home/Cartesia-of-My-Aether/universe/galaxy/solar-system/planets/earth/computer-science/operating-systems/linux/text-editors/emacs/Manifolding-Emacs/emacs-manifoldings/files/file-creation/manifolding-atlas/atlas-engine/plugins/recipes
    0.04 /data/data/com.termux/files/home/Cartesia-of-My-Aether/universe/galaxy/solar-system/planets/earth/computer-science/operating-systems/linux/text-editors/emacs/Manifolding-Emacs/emacs-manifoldings/files/file-creation/manifolding-atlas/blueprints/heading-unfoldings/thinking-types
    0.04 /data/data/com.termux/files/home/Cartesia-of-My-Aether/universe/galaxy/solar-system/planets/earth/computer-science/operating-systems/linux/text-editors/emacs/Manifolding-Emacs/emacs-manifoldings/files/file-creation/manifolding-atlas/manifolding-keyboard/engine/setup
    0.04 /data/data/com.termux/files/home/Cartesia-of-My-Aether/universe/galaxy/solar-system/planets/earth/computer-science/operating-systems/linux/text-editors/emacs/Manifolding-Emacs/emacs-manifoldings/the-screen/centered-cursor-mode
    0.03 /data/data/com.termux/files/home/Cartesia-of-My-Aether/universe/galaxy/solar-system/planets/earth/computer-science/operating-systems/linux/text-editors/emacs/Manifolding-Emacs/emacs-manifoldings/files/file-creation/manifolding-atlas/manifolding-keyboard/engine/state-machine
    0.03 /data/data/com.termux/files/home/Cartesia-of-My-Aether/universe/galaxy/solar-system/planets/earth/computer-science/operating-systems/linux/text-editors/emacs/Manifolding-Emacs/emacs-manifoldings/files/org-remark
    0.03 /data/data/com.termux/files/home/Cartesia-of-My-Aether/universe/galaxy/solar-system/planets/earth/computer-science/operating-systems/linux/text-editors/emacs/Manifolding-Emacs/emacs-manifoldings/files/file-creation/manifolding-atlas/manifolding-keyboard/cores/key-chord-core
    0.03 /data/data/com.termux/files/home/Cartesia-of-My-Aether/universe/galaxy/solar-system/planets/earth/computer-science/operating-systems/linux/text-editors/emacs/Manifolding-Emacs/emacs-manifoldings/under-the-hood/esup
    0.03 /data/data/com.termux/files/home/Cartesia-of-My-Aether/universe/galaxy/solar-system/planets/earth/computer-science/operating-systems/linux/text-editors/emacs/Manifolding-Emacs/emacs-manifoldings/the-screen/org-tree-slide
    0.03 /data/data/com.termux/files/home/Cartesia-of-My-Aether/universe/galaxy/solar-system/planets/earth/computer-science/operating-systems/linux/text-editors/emacs/Manifolding-Emacs/emacs-manifoldings/files/super-save
    0.03 /data/data/com.termux/files/home/Cartesia-of-My-Aether/universe/galaxy/solar-system/planets/earth/computer-science/operating-systems/linux/text-editors/emacs/Manifolding-Emacs/emacs-manifoldings/reaching-outward/everywhere
    0.03 /data/data/com.termux/files/home/Cartesia-of-My-Aether/universe/galaxy/solar-system/planets/earth/computer-science/operating-systems/linux/text-editors/emacs/Manifolding-Emacs/emacs-manifoldings/files/file-creation/manifolding-atlas/manifolding-keyboard/cores/boon-core
    0.03 /data/data/com.termux/files/home/Cartesia-of-My-Aether/universe/galaxy/solar-system/planets/earth/computer-science/operating-systems/linux/text-editors/emacs/Manifolding-Emacs/emacs-manifoldings/files/file-creation/manifolding-atlas/manifolding-keyboard/engine/macros
    0.03 /data/data/com.termux/files/home/Cartesia-of-My-Aether/universe/galaxy/solar-system/planets/earth/computer-science/operating-systems/linux/text-editors/emacs/Manifolding-Emacs/emacs-manifoldings/files/file-creation/manifolding-atlas/atlas-engine/dependencies
    0.03 /data/data/com.termux/files/home/Cartesia-of-My-Aether/universe/galaxy/solar-system/planets/earth/computer-science/operating-systems/linux/text-editors/emacs/Manifolding-Emacs/emacs-manifoldings/files/org-mode
    0.03 /data/data/com.termux/files/home/Cartesia-of-My-Aether/universe/galaxy/solar-system/planets/earth/computer-science/operating-systems/linux/text-editors/emacs/Manifolding-Emacs/emacs-manifoldings/files/file-creation/manifolding-atlas/atlas-engine/plugins/emacs-mechanism/auto-atlas
    0.03 /data/data/com.termux/files/home/Cartesia-of-My-Aether/universe/galaxy/solar-system/planets/earth/computer-science/operating-systems/linux/text-editors/emacs/Manifolding-Emacs/emacs-manifoldings/files/file-creation/manifolding-atlas/atlas-engine/plugins/fast-captures/journal
    0.03 /data/data/com.termux/files/home/Cartesia-of-My-Aether/universe/galaxy/solar-system/planets/earth/computer-science/operating-systems/linux/text-editors/emacs/Manifolding-Emacs/emacs-manifoldings/files/file-creation/manifolding-atlas/atlas-engine/tag-hierarchy
    0.03 /data/data/com.termux/files/home/Cartesia-of-My-Aether/universe/galaxy/solar-system/planets/earth/computer-science/operating-systems/linux/text-editors/emacs/Manifolding-Emacs/emacs-manifoldings/files/file-creation/manifolding-atlas/atlas-engine/inline-hashtag
    0.03 /data/data/com.termux/files/home/Cartesia-of-My-Aether/universe/galaxy/solar-system/planets/earth/computer-science/operating-systems/linux/text-editors/emacs/Manifolding-Emacs/emacs-manifoldings/files/file-creation/manifolding-atlas/atlas-engine/query-language
    0.03 /data/data/com.termux/files/home/Cartesia-of-My-Aether/universe/galaxy/solar-system/planets/earth/computer-science/operating-systems/linux/text-editors/emacs/Manifolding-Emacs/emacs-manifoldings/files/org-modern
    0.03 /data/data/com.termux/files/home/Cartesia-of-My-Aether/universe/galaxy/solar-system/planets/earth/computer-science/operating-systems/linux/text-editors/emacs/Manifolding-Emacs/emacs-manifoldings/talking-to-emacs/consult-todo
    0.03 /data/data/com.termux/files/home/Cartesia-of-My-Aether/universe/galaxy/solar-system/planets/earth/computer-science/operating-systems/linux/text-editors/emacs/Manifolding-Emacs/emacs-manifoldings/daily-editing/vundo
    0.03 /data/data/com.termux/files/home/Cartesia-of-My-Aether/universe/galaxy/solar-system/planets/earth/computer-science/operating-systems/linux/text-editors/emacs/Manifolding-Emacs/emacs-manifoldings/the-screen/goggles
    0.03 /data/data/com.termux/files/home/Cartesia-of-My-Aether/universe/galaxy/solar-system/planets/earth/computer-science/operating-systems/linux/text-editors/emacs/Manifolding-Emacs/emacs-manifoldings/files/file-creation/manifolding-atlas/atlas-engine/agent-api
    0.03 /data/data/com.termux/files/home/Cartesia-of-My-Aether/universe/galaxy/solar-system/planets/earth/computer-science/operating-systems/linux/text-editors/emacs/Manifolding-Emacs/emacs-manifoldings/files/file-creation/manifolding-atlas/atlas-engine/automation-engine
    0.02 /data/data/com.termux/files/home/Cartesia-of-My-Aether/universe/galaxy/solar-system/planets/earth/computer-science/operating-systems/linux/text-editors/emacs/Manifolding-Emacs/emacs-manifoldings/files/org-fancy-priorities
    0.02 /data/data/com.termux/files/home/Cartesia-of-My-Aether/universe/galaxy/solar-system/planets/earth/computer-science/operating-systems/linux/text-editors/emacs/Manifolding-Emacs/emacs-manifoldings/files/org-superstar
    0.02 /data/data/com.termux/files/home/Cartesia-of-My-Aether/universe/galaxy/solar-system/planets/earth/computer-science/operating-systems/linux/text-editors/emacs/Manifolding-Emacs/emacs-manifoldings/talking-to-emacs/corfu
    0.02 /data/data/com.termux/files/home/Cartesia-of-My-Aether/universe/galaxy/solar-system/planets/earth/computer-science/operating-systems/linux/text-editors/emacs/Manifolding-Emacs/emacs-manifoldings/files/file-creation/manifolding-atlas/manifolding-keyboard/engine/menus
    0.02 /data/data/com.termux/files/home/Cartesia-of-My-Aether/universe/galaxy/solar-system/planets/earth/computer-science/operating-systems/linux/text-editors/emacs/Manifolding-Emacs/emacs-manifoldings/files/file-creation/manifolding-atlas/manifolding-keyboard/leaders/atlas
    0.02 /data/data/com.termux/files/home/Cartesia-of-My-Aether/universe/galaxy/solar-system/planets/earth/computer-science/operating-systems/linux/text-editors/emacs/Manifolding-Emacs/emacs-manifoldings/talking-to-emacs/popup
    0.02 /data/data/com.termux/files/home/Cartesia-of-My-Aether/universe/galaxy/solar-system/planets/earth/computer-science/operating-systems/linux/text-editors/emacs/Manifolding-Emacs/emacs-manifoldings/files/deft
    0.02 /data/data/com.termux/files/home/Cartesia-of-My-Aether/universe/galaxy/solar-system/planets/earth/computer-science/operating-systems/linux/text-editors/emacs/Manifolding-Emacs/emacs-manifoldings/files/interleave
    0.02 /data/data/com.termux/files/home/Cartesia-of-My-Aether/universe/galaxy/solar-system/planets/earth/computer-science/operating-systems/linux/text-editors/emacs/Manifolding-Emacs/emacs-manifoldings/files/file-creation/manifolding-atlas/manifolding-keyboard/cores/meow-core
    0.02 /data/data/com.termux/files/home/Cartesia-of-My-Aether/universe/galaxy/solar-system/planets/earth/computer-science/operating-systems/linux/text-editors/emacs/Manifolding-Emacs/emacs-manifoldings/files/file-creation/manifolding-atlas/workflows/agenda-day
    0.02 /data/data/com.termux/files/home/Cartesia-of-My-Aether/universe/galaxy/solar-system/planets/earth/computer-science/operating-systems/linux/text-editors/emacs/Manifolding-Emacs/emacs-manifoldings/files/file-creation/manifolding-atlas/manifolding-keyboard/leaders/org
    0.02 /data/data/com.termux/files/home/Cartesia-of-My-Aether/universe/galaxy/solar-system/planets/earth/computer-science/operating-systems/linux/text-editors/emacs/Manifolding-Emacs/emacs-manifoldings/files/multifiles
    0.02 /data/data/com.termux/files/home/Cartesia-of-My-Aether/universe/galaxy/solar-system/planets/earth/computer-science/operating-systems/linux/text-editors/emacs/Manifolding-Emacs/emacs-manifoldings/files/org-modern-indent
    0.02 /data/data/com.termux/files/home/Cartesia-of-My-Aether/universe/galaxy/solar-system/planets/earth/computer-science/operating-systems/linux/text-editors/emacs/Manifolding-Emacs/emacs-manifoldings/files/file-creation/manifolding-atlas/atlas-engine/plugins/emacs-mechanism/local-file
    0.02 /data/data/com.termux/files/home/Cartesia-of-My-Aether/universe/galaxy/solar-system/planets/earth/computer-science/operating-systems/linux/text-editors/emacs/Manifolding-Emacs/emacs-manifoldings/files/file-creation/manifolding-atlas/atlas-engine/sync-hygiene
    0.02 /data/data/com.termux/files/home/Cartesia-of-My-Aether/universe/galaxy/solar-system/planets/earth/computer-science/operating-systems/linux/text-editors/emacs/Manifolding-Emacs/emacs-manifoldings/the-screen/svg-lib
    0.02 /data/data/com.termux/files/home/Cartesia-of-My-Aether/universe/galaxy/solar-system/planets/earth/computer-science/operating-systems/linux/text-editors/emacs/Manifolding-Emacs/emacs-manifoldings/files/file-creation/manifolding-atlas/atlas-engine/plugins/emacs-mechanism/module-file
    0.02 /data/data/com.termux/files/home/Cartesia-of-My-Aether/universe/galaxy/solar-system/planets/earth/computer-science/operating-systems/linux/text-editors/emacs/Manifolding-Emacs/emacs-manifoldings/reaching-outward/password-generator
    0.02 /data/data/com.termux/files/home/Cartesia-of-My-Aether/universe/galaxy/solar-system/planets/earth/computer-science/operating-systems/linux/text-editors/emacs/Manifolding-Emacs/emacs-manifoldings/files/file-creation/manifolding-atlas/atlas-engine/plugins/citation
    0.02 /data/data/com.termux/files/home/Cartesia-of-My-Aether/universe/galaxy/solar-system/planets/earth/computer-science/operating-systems/linux/text-editors/emacs/Manifolding-Emacs/emacs-manifoldings/files/org-sticky-header
    0.02 /data/data/com.termux/files/home/Cartesia-of-My-Aether/universe/galaxy/solar-system/planets/earth/computer-science/operating-systems/linux/text-editors/emacs/Manifolding-Emacs/emacs-manifoldings/building-things/git-gutter
    0.02 /data/data/com.termux/files/home/Cartesia-of-My-Aether/universe/galaxy/solar-system/planets/earth/computer-science/operating-systems/linux/text-editors/emacs/Manifolding-Emacs/emacs-manifoldings/files/file-creation/manifolding-atlas/atlas-engine/tag-stream
    0.02 /data/data/com.termux/files/home/Cartesia-of-My-Aether/universe/galaxy/solar-system/planets/earth/computer-science/operating-systems/linux/text-editors/emacs/Manifolding-Emacs/emacs-manifoldings/talking-to-emacs/consult
    0.02 /data/data/com.termux/files/home/Cartesia-of-My-Aether/universe/galaxy/solar-system/planets/earth/computer-science/operating-systems/linux/text-editors/emacs/Manifolding-Emacs/emacs-manifoldings/files/org-download
    0.02 /data/data/com.termux/files/home/Cartesia-of-My-Aether/universe/galaxy/solar-system/planets/earth/computer-science/operating-systems/linux/text-editors/emacs/Manifolding-Emacs/emacs-manifoldings/files/org-appear
    0.02 /data/data/com.termux/files/home/Cartesia-of-My-Aether/universe/galaxy/solar-system/planets/earth/computer-science/operating-systems/linux/text-editors/emacs/Manifolding-Emacs/emacs-manifoldings/the-screen/svg-tag-mode
    0.02 /data/data/com.termux/files/home/Cartesia-of-My-Aether/universe/galaxy/solar-system/planets/earth/computer-science/operating-systems/linux/text-editors/emacs/Manifolding-Emacs/emacs-manifoldings/files/org-rainbow-tags
    0.02 /data/data/com.termux/files/home/Cartesia-of-My-Aether/universe/galaxy/solar-system/planets/earth/computer-science/operating-systems/linux/text-editors/emacs/Manifolding-Emacs/emacs-manifoldings/the-screen/olivetti
    0.02 /data/data/com.termux/files/home/Cartesia-of-My-Aether/universe/galaxy/solar-system/planets/earth/computer-science/operating-systems/linux/text-editors/emacs/Manifolding-Emacs/emacs-manifoldings/talking-to-emacs/cape
    0.02 /data/data/com.termux/files/home/Cartesia-of-My-Aether/universe/galaxy/solar-system/planets/earth/computer-science/operating-systems/linux/text-editors/emacs/Manifolding-Emacs/emacs-manifoldings/files/file-creation/manifolding-atlas/atlas-engine/data-doctor
    0.02 /data/data/com.termux/files/home/Cartesia-of-My-Aether/universe/galaxy/solar-system/planets/earth/computer-science/operating-systems/linux/text-editors/emacs/Manifolding-Emacs/emacs-manifoldings/reaching-outward/fzf
    0.02 /data/data/com.termux/files/home/Cartesia-of-My-Aether/universe/galaxy/solar-system/planets/earth/computer-science/operating-systems/linux/text-editors/emacs/Manifolding-Emacs/emacs-manifoldings/files/org-super-agenda
    0.02 /data/data/com.termux/files/home/Cartesia-of-My-Aether/universe/galaxy/solar-system/planets/earth/computer-science/operating-systems/linux/text-editors/emacs/Manifolding-Emacs/emacs-manifoldings/talking-to-emacs/consult-yasnippet
    0.02 /data/data/com.termux/files/home/Cartesia-of-My-Aether/universe/galaxy/solar-system/planets/earth/computer-science/operating-systems/linux/text-editors/emacs/Manifolding-Emacs/emacs-manifoldings/files/file-creation/manifolding-atlas/manifolding-keyboard/leaders/keyselect
    0.02 /data/data/com.termux/files/home/Cartesia-of-My-Aether/universe/galaxy/solar-system/planets/earth/computer-science/operating-systems/linux/text-editors/emacs/Manifolding-Emacs/emacs-manifoldings/files/org-auto-tangle
    0.02 /data/data/com.termux/files/home/Cartesia-of-My-Aether/universe/galaxy/solar-system/planets/earth/computer-science/operating-systems/linux/text-editors/emacs/Manifolding-Emacs/emacs-manifoldings/files/file-creation/manifolding-atlas/atlas-engine/node-view
    0.02 /data/data/com.termux/files/home/Cartesia-of-My-Aether/universe/galaxy/solar-system/planets/earth/computer-science/operating-systems/linux/text-editors/emacs/Manifolding-Emacs/emacs-manifoldings/files/org-fragtog
    0.02 /data/data/com.termux/files/home/Cartesia-of-My-Aether/universe/galaxy/solar-system/planets/earth/computer-science/operating-systems/linux/text-editors/emacs/Manifolding-Emacs/emacs-manifoldings/the-screen/minions
    0.02 /data/data/com.termux/files/home/Cartesia-of-My-Aether/universe/galaxy/solar-system/planets/earth/computer-science/operating-systems/linux/text-editors/emacs/Manifolding-Emacs/emacs-manifoldings/building-things/hl-todo
    0.02 /data/data/com.termux/files/home/Cartesia-of-My-Aether/universe/galaxy/solar-system/planets/earth/computer-science/operating-systems/linux/text-editors/emacs/Manifolding-Emacs/emacs-manifoldings/the-screen/miniedit
    0.02 /data/data/com.termux/files/home/Cartesia-of-My-Aether/universe/galaxy/solar-system/planets/earth/computer-science/operating-systems/linux/text-editors/emacs/Manifolding-Emacs/emacs-manifoldings/under-the-hood/benchmark-init
    0.02 /data/data/com.termux/files/home/Cartesia-of-My-Aether/universe/galaxy/solar-system/planets/earth/computer-science/operating-systems/linux/text-editors/emacs/Manifolding-Emacs/emacs-manifoldings/files/file-creation/manifolding-atlas/atlas-engine/ai-proposals
    0.02 /data/data/com.termux/files/home/Cartesia-of-My-Aether/universe/galaxy/solar-system/planets/earth/computer-science/operating-systems/linux/text-editors/emacs/Manifolding-Emacs/emacs-manifoldings/the-screen/golden-ratio
    0.01 /data/data/com.termux/files/home/Cartesia-of-My-Aether/universe/galaxy/solar-system/planets/earth/computer-science/operating-systems/linux/text-editors/emacs/Manifolding-Emacs/emacs-manifoldings/files/file-creation/manifolding-atlas/manifolding-keyboard/states/org
    0.01 /data/data/com.termux/files/home/Cartesia-of-My-Aether/universe/galaxy/solar-system/planets/earth/computer-science/operating-systems/linux/text-editors/emacs/Manifolding-Emacs/emacs-manifoldings/building-things/comment-tags
    0.01 /data/data/com.termux/files/home/Cartesia-of-My-Aether/universe/galaxy/solar-system/planets/earth/computer-science/operating-systems/linux/text-editors/emacs/Manifolding-Emacs/emacs-manifoldings/files/file-creation/manifolding-atlas/manifolding-keyboard/leaders/dev
    0.01 /data/data/com.termux/files/home/Cartesia-of-My-Aether/universe/galaxy/solar-system/planets/earth/computer-science/operating-systems/linux/text-editors/emacs/Manifolding-Emacs/emacs-manifoldings/reaching-outward/geoclue
    0.01 /data/data/com.termux/files/home/Cartesia-of-My-Aether/universe/galaxy/solar-system/planets/earth/computer-science/operating-systems/linux/text-editors/emacs/Manifolding-Emacs/emacs-manifoldings/files/file-creation/manifolding-atlas/atlas-engine/promote-tool
    0.01 /data/data/com.termux/files/home/Cartesia-of-My-Aether/universe/galaxy/solar-system/planets/earth/computer-science/operating-systems/linux/text-editors/emacs/Manifolding-Emacs/emacs-manifoldings/files/file-creation/manifolding-atlas/manifolding-keyboard/states/atlas_pick
    0.01 /data/data/com.termux/files/home/Cartesia-of-My-Aether/universe/galaxy/solar-system/planets/earth/computer-science/operating-systems/linux/text-editors/emacs/Manifolding-Emacs/emacs-manifoldings/files/file-creation/manifolding-atlas/atlas-engine/atlas-transactions
    0.01 /data/data/com.termux/files/home/Cartesia-of-My-Aether/universe/galaxy/solar-system/planets/earth/computer-science/operating-systems/linux/text-editors/emacs/Manifolding-Emacs/emacs-manifoldings/files/file-creation/manifolding-atlas/atlas-engine/discovery-stream
    0.01 /data/data/com.termux/files/home/Cartesia-of-My-Aether/universe/galaxy/solar-system/planets/earth/computer-science/operating-systems/linux/text-editors/emacs/Manifolding-Emacs/emacs-manifoldings/talking-to-emacs/caps-lock
    0.01 /data/data/com.termux/files/home/Cartesia-of-My-Aether/universe/galaxy/solar-system/planets/earth/computer-science/operating-systems/linux/text-editors/emacs/Manifolding-Emacs/emacs-manifoldings/files/file-creation/manifolding-atlas/manifolding-keyboard/states/magit
    0.01 /data/data/com.termux/files/home/Cartesia-of-My-Aether/universe/galaxy/solar-system/planets/earth/computer-science/operating-systems/linux/text-editors/emacs/Manifolding-Emacs/emacs-manifoldings/files/file-creation/manifolding-atlas/manifolding-keyboard/leaders/search
    0.01 /data/data/com.termux/files/home/Cartesia-of-My-Aether/universe/galaxy/solar-system/planets/earth/computer-science/operating-systems/linux/text-editors/emacs/Manifolding-Emacs/emacs-manifoldings/files/file-creation/manifolding-atlas/manifolding-keyboard/leaders/windows
    0.01 /data/data/com.termux/files/home/Cartesia-of-My-Aether/universe/galaxy/solar-system/planets/earth/computer-science/operating-systems/linux/text-editors/emacs/Manifolding-Emacs/emacs-manifoldings/talking-to-emacs/consult-org-heading
    0.01 /data/data/com.termux/files/home/Cartesia-of-My-Aether/universe/galaxy/solar-system/planets/earth/computer-science/operating-systems/linux/text-editors/emacs/Manifolding-Emacs/emacs-manifoldings/files/file-creation/manifolding-atlas/manifolding-keyboard/leaders/tools
    0.01 /data/data/com.termux/files/home/Cartesia-of-My-Aether/universe/galaxy/solar-system/planets/earth/computer-science/operating-systems/linux/text-editors/emacs/Manifolding-Emacs/emacs-manifoldings/files/file-creation/manifolding-atlas/atlas-engine/persistence-hygiene
    0.01 /data/data/com.termux/files/home/Cartesia-of-My-Aether/universe/galaxy/solar-system/planets/earth/computer-science/operating-systems/linux/text-editors/emacs/Manifolding-Emacs/emacs-manifoldings/files/file-creation/manifolding-atlas/atlas-engine/plugins/fast-captures/todo
    0.01 /data/data/com.termux/files/home/Cartesia-of-My-Aether/universe/galaxy/solar-system/planets/earth/computer-science/operating-systems/linux/text-editors/emacs/Manifolding-Emacs/emacs-manifoldings/files/file-creation/manifolding-atlas/manifolding-keyboard/states/git-timemachine
    0.01 /data/data/com.termux/files/home/Cartesia-of-My-Aether/universe/galaxy/solar-system/planets/earth/computer-science/operating-systems/linux/text-editors/emacs/Manifolding-Emacs/emacs-manifoldings/files/file-creation/manifolding-atlas/manifolding-keyboard/states/ibuffer
    0.01 /data/data/com.termux/files/home/Cartesia-of-My-Aether/universe/galaxy/solar-system/planets/earth/computer-science/operating-systems/linux/text-editors/emacs/Manifolding-Emacs/emacs-manifoldings/reaching-outward/request
    0.01 /data/data/com.termux/files/home/Cartesia-of-My-Aether/universe/galaxy/solar-system/planets/earth/computer-science/operating-systems/linux/text-editors/emacs/Manifolding-Emacs/emacs-manifoldings/files/file-creation/manifolding-atlas/manifolding-keyboard/leaders/mindmap
    0.01 /data/data/com.termux/files/home/Cartesia-of-My-Aether/universe/galaxy/solar-system/planets/earth/computer-science/operating-systems/linux/text-editors/emacs/Manifolding-Emacs/emacs-manifoldings/the-screen/nerd-icons
    0.01 /data/data/com.termux/files/home/Cartesia-of-My-Aether/universe/galaxy/solar-system/planets/earth/computer-science/operating-systems/linux/text-editors/emacs/Manifolding-Emacs/emacs-manifoldings/files/file-creation/manifolding-atlas/manifolding-keyboard/leaders/git
    0.01 /data/data/com.termux/files/home/Cartesia-of-My-Aether/universe/galaxy/solar-system/planets/earth/computer-science/operating-systems/linux/text-editors/emacs/Manifolding-Emacs/emacs-manifoldings/building-things/project
    0.01 /data/data/com.termux/files/home/Cartesia-of-My-Aether/universe/galaxy/solar-system/planets/earth/computer-science/operating-systems/linux/text-editors/emacs/Manifolding-Emacs/emacs-manifoldings/files/file-creation/manifolding-atlas/manifolding-keyboard/states/visual
    0.01 /data/data/com.termux/files/home/Cartesia-of-My-Aether/universe/galaxy/solar-system/planets/earth/computer-science/operating-systems/linux/text-editors/emacs/Manifolding-Emacs/emacs-manifoldings/files/file-creation/manifolding-atlas/manifolding-keyboard/states/presentation
    0.01 /data/data/com.termux/files/home/Cartesia-of-My-Aether/universe/galaxy/solar-system/planets/earth/computer-science/operating-systems/linux/text-editors/emacs/Manifolding-Emacs/emacs-manifoldings/files/file-creation/manifolding-atlas/manifolding-keyboard/states/mindmap
    0.01 /data/data/com.termux/files/home/Cartesia-of-My-Aether/universe/galaxy/solar-system/planets/earth/computer-science/operating-systems/linux/text-editors/emacs/Manifolding-Emacs/emacs-manifoldings/files/file-creation/manifolding-atlas/manifolding-keyboard/leaders/wormhole
    0.01 /data/data/com.termux/files/home/Cartesia-of-My-Aether/universe/galaxy/solar-system/planets/earth/computer-science/operating-systems/linux/text-editors/emacs/Manifolding-Emacs/emacs-manifoldings/shaping-the-tool/leaf
    0.01 /data/data/com.termux/files/home/Cartesia-of-My-Aether/universe/galaxy/solar-system/planets/earth/computer-science/operating-systems/linux/text-editors/emacs/Manifolding-Emacs/emacs-manifoldings/files/file-creation/manifolding-atlas/manifolding-keyboard/states/motion
    0.01 /data/data/com.termux/files/home/Cartesia-of-My-Aether/universe/galaxy/solar-system/planets/earth/computer-science/operating-systems/linux/text-editors/emacs/Manifolding-Emacs/emacs-manifoldings/files/file-creation/manifolding-atlas/manifolding-keyboard/states/insert
    0.01 /data/data/com.termux/files/home/Cartesia-of-My-Aether/universe/galaxy/solar-system/planets/earth/computer-science/operating-systems/linux/text-editors/emacs/Manifolding-Emacs/emacs-manifoldings/files/file-creation/manifolding-atlas/manifolding-keyboard/leaders/tabs
    0.01 /data/data/com.termux/files/home/Cartesia-of-My-Aether/universe/galaxy/solar-system/planets/earth/computer-science/operating-systems/linux/text-editors/emacs/Manifolding-Emacs/emacs-manifoldings/files/file-creation/manifolding-atlas/manifolding-keyboard/states/dired
    0.01 /data/data/com.termux/files/home/Cartesia-of-My-Aether/universe/galaxy/solar-system/planets/earth/computer-science/operating-systems/linux/text-editors/emacs/Manifolding-Emacs/emacs-manifoldings/files/file-creation/manifolding-atlas/manifolding-keyboard/leaders/files
    0.01 /data/data/com.termux/files/home/Cartesia-of-My-Aether/universe/galaxy/solar-system/planets/earth/computer-science/operating-systems/linux/text-editors/emacs/Manifolding-Emacs/emacs-manifoldings/files/file-creation/manifolding-atlas/manifolding-keyboard/states/treemacs
    0.01 /data/data/com.termux/files/home/Cartesia-of-My-Aether/universe/galaxy/solar-system/planets/earth/computer-science/operating-systems/linux/text-editors/emacs/Manifolding-Emacs/emacs-manifoldings/files/file-creation/manifolding-atlas/manifolding-keyboard/leaders/activities
    0.01 /data/data/com.termux/files/home/Cartesia-of-My-Aether/universe/galaxy/solar-system/planets/earth/computer-science/operating-systems/linux/text-editors/emacs/Manifolding-Emacs/emacs-manifoldings/files/file-creation/manifolding-atlas/manifolding-keyboard/leaders/select
    0.01 /data/data/com.termux/files/home/Cartesia-of-My-Aether/universe/galaxy/solar-system/planets/earth/computer-science/operating-systems/linux/text-editors/emacs/Manifolding-Emacs/emacs-manifoldings/files/file-creation/manifolding-atlas/atlas-engine/plugins/emacs-mechanism/agent-file
    0.01 /data/data/com.termux/files/home/Cartesia-of-My-Aether/universe/galaxy/solar-system/planets/earth/computer-science/operating-systems/linux/text-editors/emacs/Manifolding-Emacs/emacs-manifoldings/files/file-creation/manifolding-atlas/manifolding-keyboard/states/normal
    0.01 /data/data/com.termux/files/home/Cartesia-of-My-Aether/universe/galaxy/solar-system/planets/earth/computer-science/operating-systems/linux/text-editors/emacs/Manifolding-Emacs/emacs-manifoldings/files/file-creation/manifolding-atlas/manifolding-keyboard/leaders/browse
    0.01 /data/data/com.termux/files/home/Cartesia-of-My-Aether/universe/galaxy/solar-system/planets/earth/computer-science/operating-systems/linux/text-editors/emacs/Manifolding-Emacs/emacs-manifoldings/talking-to-emacs/pretty-hydra
    0.01 /data/data/com.termux/files/home/Cartesia-of-My-Aether/universe/galaxy/solar-system/planets/earth/computer-science/operating-systems/linux/text-editors/emacs/Manifolding-Emacs/emacs-manifoldings/files/file-creation/manifolding-atlas/manifolding-keyboard/leaders/buffers
    0.01 /data/data/com.termux/files/home/Cartesia-of-My-Aether/universe/galaxy/solar-system/planets/earth/computer-science/operating-systems/linux/text-editors/emacs/Manifolding-Emacs/emacs-manifoldings/files/file-creation/manifolding-atlas/manifolding-keyboard/leaders/registers
    0.01 /data/data/com.termux/files/home/Cartesia-of-My-Aether/universe/galaxy/solar-system/planets/earth/computer-science/operating-systems/linux/text-editors/emacs/Manifolding-Emacs/emacs-manifoldings/files/file-creation/manifolding-atlas/manifolding-keyboard/leaders/bookmarks
    0.01 /data/data/com.termux/files/home/Cartesia-of-My-Aether/universe/galaxy/solar-system/planets/earth/computer-science/operating-systems/linux/text-editors/emacs/Manifolding-Emacs/emacs-manifoldings/files/file-creation/manifolding-atlas/atlas-engine/plugins/fast-captures/observations
    0.01 /data/data/com.termux/files/home/Cartesia-of-My-Aether/universe/galaxy/solar-system/planets/earth/computer-science/operating-systems/linux/text-editors/emacs/Manifolding-Emacs/emacs-manifoldings/shaping-the-tool/straight
    0.01 /data/data/com.termux/files/home/Cartesia-of-My-Aether/universe/galaxy/solar-system/planets/earth/computer-science/operating-systems/linux/text-editors/emacs/Manifolding-Emacs/emacs-manifoldings/files/file-creation/manifolding-atlas/manifolding-keyboard/leaders/templates
    0.01 /data/data/com.termux/files/home/Cartesia-of-My-Aether/universe/galaxy/solar-system/planets/earth/computer-science/operating-systems/linux/text-editors/emacs/Manifolding-Emacs/emacs-manifoldings/files/file-creation/manifolding-atlas/manifolding-keyboard/states/vundo
    0.01 /data/data/com.termux/files/home/Cartesia-of-My-Aether/universe/galaxy/solar-system/planets/earth/computer-science/operating-systems/linux/text-editors/emacs/Manifolding-Emacs/emacs-manifoldings/files/file-creation/manifolding-atlas/org-todo-states
    0.01 /data/data/com.termux/files/home/Cartesia-of-My-Aether/universe/galaxy/solar-system/planets/earth/computer-science/operating-systems/linux/text-editors/emacs/Manifolding-Emacs/emacs-manifoldings/files/file-creation/manifolding-atlas/manifolding-keyboard/leaders/main
