;; unit-times 734.4s total, 378 units (367 loaded 11 compiled 0 eval 0 error), Fri Oct  2 13:56:37 2026
   30.49 compiled  /root/home/shape/Subnet/universe/galaxy/solar-system/planets/earth/computer-science/operating-systems/linux/text-editors/neomacs/Cyberdeck-Emacs/emacs-cyberdeck/entering-the-machine/cyberdeck-dashboard/cores/upstream-widgets
   19.00 loaded    /root/home/shape/Subnet/universe/galaxy/solar-system/planets/earth/computer-science/operating-systems/linux/text-editors/neomacs/Cyberdeck-Emacs/emacs-cyberdeck/building-things/maintaining-large-programs
   18.19 loaded    /root/home/shape/Subnet/universe/galaxy/solar-system/planets/earth/computer-science/operating-systems/linux/text-editors/neomacs/Cyberdeck-Emacs/emacs-cyberdeck/files/org-manual/04-export
   17.92 loaded    /root/home/shape/Subnet/universe/galaxy/solar-system/planets/earth/computer-science/operating-systems/linux/text-editors/neomacs/Cyberdeck-Emacs/emacs-cyberdeck/the-screen/display/06-screen
   16.70 loaded    /root/home/shape/Subnet/universe/galaxy/solar-system/planets/earth/computer-science/operating-systems/linux/text-editors/neomacs/Cyberdeck-Emacs/emacs-cyberdeck/under-the-hood/elisp/00-types-a
   13.30 loaded    /root/home/shape/Subnet/universe/galaxy/solar-system/planets/earth/computer-science/operating-systems/linux/text-editors/neomacs/Cyberdeck-Emacs/emacs-cyberdeck/files/org-manual/05-publish
   13.15 loaded    /root/home/shape/Subnet/universe/galaxy/solar-system/planets/earth/computer-science/operating-systems/linux/text-editors/neomacs/Cyberdeck-Emacs/emacs-cyberdeck/building-things/magit-todos
   11.72 loaded    /root/home/shape/Subnet/universe/galaxy/solar-system/planets/earth/computer-science/operating-systems/linux/text-editors/neomacs/Cyberdeck-Emacs/emacs-cyberdeck/files/org-manual/00-structure
   11.45 loaded    /root/home/shape/Subnet/universe/galaxy/solar-system/planets/earth/computer-science/operating-systems/linux/text-editors/neomacs/Cyberdeck-Emacs/emacs-cyberdeck/reaching-outward/calculator/02-modes
   10.73 loaded    /root/home/shape/Subnet/universe/galaxy/solar-system/planets/earth/computer-science/operating-systems/linux/text-editors/neomacs/Cyberdeck-Emacs/emacs-cyberdeck/the-screen/display/05-minibuffer
   10.42 loaded    /root/home/shape/Subnet/universe/galaxy/solar-system/planets/earth/computer-science/operating-systems/linux/text-editors/neomacs/Cyberdeck-Emacs/emacs-cyberdeck/reaching-outward/calculator/06-programming
    9.92 loaded    /root/home/shape/Subnet/universe/galaxy/solar-system/planets/earth/computer-science/operating-systems/linux/text-editors/neomacs/Cyberdeck-Emacs/emacs-cyberdeck/daily-editing/commands-for-human-languages
    9.87 loaded    /root/home/shape/Subnet/universe/galaxy/solar-system/planets/earth/computer-science/operating-systems/linux/text-editors/neomacs/Cyberdeck-Emacs/emacs-cyberdeck/under-the-hood/dealing-with-trouble
    9.19 loaded    /root/home/shape/Subnet/universe/galaxy/solar-system/planets/earth/computer-science/operating-systems/linux/text-editors/neomacs/Cyberdeck-Emacs/emacs-cyberdeck/reaching-outward/calculator/00-start-tutorial
    8.34 loaded    /root/home/shape/Subnet/universe/galaxy/solar-system/planets/earth/computer-science/operating-systems/linux/text-editors/neomacs/Cyberdeck-Emacs/emacs-cyberdeck/files/org-manual/03-agenda
    8.29 loaded    /root/home/shape/Subnet/universe/galaxy/solar-system/planets/earth/computer-science/operating-systems/linux/text-editors/neomacs/Cyberdeck-Emacs/emacs-cyberdeck/reaching-outward/calculator/01-basics
    8.09 loaded    /root/home/shape/Subnet/universe/galaxy/solar-system/planets/earth/computer-science/operating-systems/linux/text-editors/neomacs/Cyberdeck-Emacs/emacs-cyberdeck/under-the-hood/getting-help
    7.93 loaded    /root/home/shape/Subnet/universe/galaxy/solar-system/planets/earth/computer-science/operating-systems/linux/text-editors/neomacs/Cyberdeck-Emacs/emacs-cyberdeck/reaching-outward/calculator/03-math
    7.84 loaded    /root/home/shape/Subnet/universe/galaxy/solar-system/planets/earth/computer-science/operating-systems/linux/text-editors/neomacs/Cyberdeck-Emacs/emacs-cyberdeck/reaching-outward/calculator/04-algebra
    7.40 loaded    /root/home/shape/Subnet/universe/galaxy/solar-system/planets/earth/computer-science/operating-systems/linux/text-editors/neomacs/Cyberdeck-Emacs/emacs-cyberdeck/building-things/editing-programs
    7.28 loaded    /root/home/shape/Subnet/universe/galaxy/solar-system/planets/earth/computer-science/operating-systems/linux/text-editors/neomacs/Cyberdeck-Emacs/emacs-cyberdeck/files/file-handling
    7.25 loaded    /root/home/shape/Subnet/universe/galaxy/solar-system/planets/earth/computer-science/operating-systems/linux/text-editors/neomacs/Cyberdeck-Emacs/emacs-cyberdeck/shaping-the-tool/customization
    7.23 loaded    /root/home/shape/Subnet/universe/galaxy/solar-system/planets/earth/computer-science/operating-systems/linux/text-editors/neomacs/Cyberdeck-Emacs/emacs-cyberdeck/time/calendar-and-diary
    7.11 loaded    /root/home/shape/Subnet/universe/galaxy/solar-system/planets/earth/computer-science/operating-systems/linux/text-editors/neomacs/Cyberdeck-Emacs/emacs-cyberdeck/under-the-hood/elisp/06-command-loop
    7.03 loaded    /root/home/shape/Subnet/universe/galaxy/solar-system/planets/earth/computer-science/operating-systems/linux/text-editors/neomacs/Cyberdeck-Emacs/emacs-cyberdeck/under-the-hood/elisp/01-types-b
    6.72 loaded    /root/home/shape/Subnet/universe/galaxy/solar-system/planets/earth/computer-science/operating-systems/linux/text-editors/neomacs/Cyberdeck-Emacs/emacs-cyberdeck/under-the-hood/elisp/05-programs
    6.42 loaded    /root/home/shape/Subnet/universe/galaxy/solar-system/planets/earth/computer-science/operating-systems/linux/text-editors/neomacs/Cyberdeck-Emacs/emacs-cyberdeck/entering-the-machine/introduction
    6.29 loaded    /root/home/shape/Subnet/universe/galaxy/solar-system/planets/earth/computer-science/operating-systems/linux/text-editors/neomacs/Cyberdeck-Emacs/emacs-cyberdeck/building-things/emacs-development
    6.14 loaded    /root/home/shape/Subnet/universe/galaxy/solar-system/planets/earth/computer-science/operating-systems/linux/text-editors/neomacs/Cyberdeck-Emacs/emacs-cyberdeck/the-screen/frames
    5.83 loaded    /root/home/shape/Subnet/universe/galaxy/solar-system/planets/earth/computer-science/operating-systems/linux/text-editors/neomacs/Cyberdeck-Emacs/emacs-cyberdeck/files/file-basics
    5.78 loaded    /root/home/shape/Subnet/universe/galaxy/solar-system/planets/earth/computer-science/operating-systems/linux/text-editors/neomacs/Cyberdeck-Emacs/emacs-cyberdeck/files/org-manual/01-items
    5.76 loaded    /root/home/shape/Subnet/universe/galaxy/solar-system/planets/earth/computer-science/operating-systems/linux/text-editors/neomacs/Cyberdeck-Emacs/emacs-cyberdeck/under-the-hood/elisp/02-eval
    5.71 loaded    /root/home/shape/Subnet/universe/galaxy/solar-system/planets/earth/computer-science/operating-systems/linux/text-editors/neomacs/Cyberdeck-Emacs/emacs-cyberdeck/the-screen/display/03-frames-widgets
    5.51 loaded    /root/home/shape/Subnet/universe/galaxy/solar-system/planets/earth/computer-science/operating-systems/linux/text-editors/neomacs/Cyberdeck-Emacs/emacs-cyberdeck/files/org-auto-tangle
    5.32 loaded    /root/home/shape/Subnet/universe/galaxy/solar-system/planets/earth/computer-science/operating-systems/linux/text-editors/neomacs/Cyberdeck-Emacs/emacs-cyberdeck/files/syntax-tables
    5.32 loaded    /root/home/shape/Subnet/universe/galaxy/solar-system/planets/earth/computer-science/operating-systems/linux/text-editors/neomacs/Cyberdeck-Emacs/emacs-cyberdeck/reaching-outward/calculator/05-io
    5.12 loaded    /root/home/shape/Subnet/universe/galaxy/solar-system/planets/earth/computer-science/operating-systems/linux/text-editors/neomacs/Cyberdeck-Emacs/emacs-cyberdeck/files/aiu-registration/cyberdeck/aiu-context/todo
    4.86 loaded    /root/home/shape/Subnet/universe/galaxy/solar-system/planets/earth/computer-science/operating-systems/linux/text-editors/neomacs/Cyberdeck-Emacs/emacs-cyberdeck/files/aiu-registration/cyberdeck/aiu-frame/aiu-context-schema
    4.65 loaded    /root/home/shape/Subnet/universe/galaxy/solar-system/planets/earth/computer-science/operating-systems/linux/text-editors/neomacs/Cyberdeck-Emacs/emacs-cyberdeck/talking-to-emacs/keys
    4.57 loaded    /root/home/shape/Subnet/universe/galaxy/solar-system/planets/earth/computer-science/operating-systems/linux/text-editors/neomacs/Cyberdeck-Emacs/emacs-cyberdeck/under-the-hood/gnu-hyperbole
    4.48 loaded    /root/home/shape/Subnet/universe/galaxy/solar-system/planets/earth/computer-science/operating-systems/linux/text-editors/neomacs/Cyberdeck-Emacs/emacs-cyberdeck/files/non-ascii-characters
    4.41 loaded    /root/home/shape/Subnet/universe/galaxy/solar-system/planets/earth/computer-science/operating-systems/linux/text-editors/neomacs/Cyberdeck-Emacs/emacs-cyberdeck/under-the-hood/elisp/03-variables
    4.41 loaded    /root/home/shape/Subnet/universe/galaxy/solar-system/planets/earth/computer-science/operating-systems/linux/text-editors/neomacs/Cyberdeck-Emacs/emacs-cyberdeck/under-the-hood/processes
    4.40 loaded    /root/home/shape/Subnet/universe/galaxy/solar-system/planets/earth/computer-science/operating-systems/linux/text-editors/neomacs/Cyberdeck-Emacs/emacs-cyberdeck/building-things/emacs-opencode
    4.33 loaded    /root/home/shape/Subnet/universe/galaxy/solar-system/planets/earth/computer-science/operating-systems/linux/text-editors/neomacs/Cyberdeck-Emacs/emacs-cyberdeck/under-the-hood/compiling-and-testing-programs
    4.22 loaded    /root/home/shape/Subnet/universe/galaxy/solar-system/planets/earth/computer-science/operating-systems/linux/text-editors/neomacs/Cyberdeck-Emacs/emacs-cyberdeck/daily-editing/editing-commands/01-edit-kill
    4.01 loaded    /root/home/shape/Subnet/universe/galaxy/solar-system/planets/earth/computer-science/operating-systems/linux/text-editors/neomacs/Cyberdeck-Emacs/emacs-cyberdeck/files/dired/dired-package
    3.96 loaded    /root/home/shape/Subnet/universe/galaxy/solar-system/planets/earth/computer-science/operating-systems/linux/text-editors/neomacs/Cyberdeck-Emacs/emacs-cyberdeck/daily-editing/searching-and-matching
    3.92 loaded    /root/home/shape/Subnet/universe/galaxy/solar-system/planets/earth/computer-science/operating-systems/linux/text-editors/neomacs/Cyberdeck-Emacs/emacs-cyberdeck/under-the-hood/d-bus-integration
    3.88 loaded    /root/home/shape/Subnet/universe/galaxy/solar-system/planets/earth/computer-science/operating-systems/linux/text-editors/neomacs/Cyberdeck-Emacs/emacs-cyberdeck/files/aiu-registration/cyberdeck/aiu-frame/setup
    3.88 compiled  /root/home/shape/Subnet/universe/galaxy/solar-system/planets/earth/computer-science/operating-systems/linux/text-editors/neomacs/Cyberdeck-Emacs/emacs-cyberdeck/entering-the-machine/cyberdeck-dashboard/engine/setup
    3.82 loaded    /root/home/shape/Subnet/universe/galaxy/solar-system/planets/earth/computer-science/operating-systems/linux/text-editors/neomacs/Cyberdeck-Emacs/emacs-cyberdeck/files/aiu-registration/cyberdeck/aiu-context/priority
    3.73 loaded    /root/home/shape/Subnet/universe/galaxy/solar-system/planets/earth/computer-science/operating-systems/linux/text-editors/neomacs/Cyberdeck-Emacs/emacs-cyberdeck/files/org-ref
    3.68 loaded    /root/home/shape/Subnet/universe/galaxy/solar-system/planets/earth/computer-science/operating-systems/linux/text-editors/neomacs/Cyberdeck-Emacs/emacs-cyberdeck/the-screen/buffer-management
    3.61 loaded    /root/home/shape/Subnet/universe/galaxy/solar-system/planets/earth/computer-science/operating-systems/linux/text-editors/neomacs/Cyberdeck-Emacs/emacs-cyberdeck/files/aiu-registration/cyberdeck/aiu-frame/db
    3.59 loaded    /root/home/shape/Subnet/universe/galaxy/solar-system/planets/earth/computer-science/operating-systems/linux/text-editors/neomacs/Cyberdeck-Emacs/emacs-cyberdeck/daily-editing/editing-commands/02-fill-indent
    3.59 loaded    /root/home/shape/Subnet/universe/galaxy/solar-system/planets/earth/computer-science/operating-systems/linux/text-editors/neomacs/Cyberdeck-Emacs/emacs-cyberdeck/files/poly-org
    3.58 loaded    /root/home/shape/Subnet/universe/galaxy/solar-system/planets/earth/computer-science/operating-systems/linux/text-editors/neomacs/Cyberdeck-Emacs/emacs-cyberdeck/files/aiu-registration/cyberdeck/org-ql
    3.55 loaded    /root/home/shape/Subnet/universe/galaxy/solar-system/planets/earth/computer-science/operating-systems/linux/text-editors/neomacs/Cyberdeck-Emacs/emacs-cyberdeck/under-the-hood/elisp/04-functions
    3.54 loaded    /root/home/shape/Subnet/universe/galaxy/solar-system/planets/earth/computer-science/operating-systems/linux/text-editors/neomacs/Cyberdeck-Emacs/emacs-cyberdeck/daily-editing/searching-and-replacement
    3.53 loaded    /root/home/shape/Subnet/universe/galaxy/solar-system/planets/earth/computer-science/operating-systems/linux/text-editors/neomacs/Cyberdeck-Emacs/emacs-cyberdeck/daily-editing/editing-commands/04-encoding
    3.50 loaded    /root/home/shape/Subnet/universe/galaxy/solar-system/planets/earth/computer-science/operating-systems/linux/text-editors/neomacs/Cyberdeck-Emacs/emacs-cyberdeck/files/aiu-registration/cyberdeck/aiu-frame/aiu-registration
    3.29 loaded    /root/home/shape/Subnet/universe/galaxy/solar-system/planets/earth/computer-science/operating-systems/linux/text-editors/neomacs/Cyberdeck-Emacs/emacs-cyberdeck/the-screen/display/00-scrolling
    3.24 loaded    /root/home/shape/Subnet/universe/galaxy/solar-system/planets/earth/computer-science/operating-systems/linux/text-editors/neomacs/Cyberdeck-Emacs/emacs-cyberdeck/files/org-cliplink
    3.15 loaded    /root/home/shape/Subnet/universe/galaxy/solar-system/planets/earth/computer-science/operating-systems/linux/text-editors/neomacs/Cyberdeck-Emacs/emacs-cyberdeck/daily-editing/abbrev
    3.12 loaded    /root/home/shape/Subnet/universe/galaxy/solar-system/planets/earth/computer-science/operating-systems/linux/text-editors/neomacs/Cyberdeck-Emacs/emacs-cyberdeck/files/aiu-registration/cyberdeck/aiu-context/aliases
    3.10 loaded    /root/home/shape/Subnet/universe/galaxy/solar-system/planets/earth/computer-science/operating-systems/linux/text-editors/neomacs/Cyberdeck-Emacs/emacs-cyberdeck/files/org-books
    3.07 loaded    /root/home/shape/Subnet/universe/galaxy/solar-system/planets/earth/computer-science/operating-systems/linux/text-editors/neomacs/Cyberdeck-Emacs/emacs-cyberdeck/daily-editing/editing-commands/03-properties
    2.85 loaded    /root/home/shape/Subnet/universe/galaxy/solar-system/planets/earth/computer-science/operating-systems/linux/text-editors/neomacs/Cyberdeck-Emacs/emacs-cyberdeck/the-screen/display/01-echo-refresh
    2.85 loaded    /root/home/shape/Subnet/universe/galaxy/solar-system/planets/earth/computer-science/operating-systems/linux/text-editors/neomacs/Cyberdeck-Emacs/emacs-cyberdeck/files/aiu-registration/cyberdeck/aiu-context/context-prompts/aiu-runs/temporal
    2.80 loaded    /root/home/shape/Subnet/universe/galaxy/solar-system/planets/earth/computer-science/operating-systems/linux/text-editors/neomacs/Cyberdeck-Emacs/emacs-cyberdeck/daily-editing/multiple-cursors
    2.79 loaded    /root/home/shape/Subnet/universe/galaxy/solar-system/planets/earth/computer-science/operating-systems/linux/text-editors/neomacs/Cyberdeck-Emacs/emacs-cyberdeck/the-screen/display/02-faces
    2.79 loaded    /root/home/shape/Subnet/universe/galaxy/solar-system/planets/earth/computer-science/operating-systems/linux/text-editors/neomacs/Cyberdeck-Emacs/emacs-cyberdeck/under-the-hood/elisp/07-misc
    2.77 loaded    /root/home/shape/Subnet/universe/galaxy/solar-system/planets/earth/computer-science/operating-systems/linux/text-editors/neomacs/Cyberdeck-Emacs/emacs-cyberdeck/under-the-hood/international-character-set-support
    2.65 loaded    /root/home/shape/Subnet/universe/galaxy/solar-system/planets/earth/computer-science/operating-systems/linux/text-editors/neomacs/Cyberdeck-Emacs/emacs-cyberdeck/under-the-hood/gnu-emacs-internals
    2.63 loaded    /root/home/shape/Subnet/universe/galaxy/solar-system/planets/earth/computer-science/operating-systems/linux/text-editors/neomacs/Cyberdeck-Emacs/emacs-cyberdeck/files/aiu-registration/cyberdeck/aiu-context/file-name
    2.56 loaded    /root/home/shape/Subnet/universe/galaxy/solar-system/planets/earth/computer-science/operating-systems/linux/text-editors/neomacs/Cyberdeck-Emacs/emacs-cyberdeck/files/aiu-registration/cyberdeck/aiu-context/context-prompts/dictionary/register
    2.54 loaded    /root/home/shape/Subnet/universe/galaxy/solar-system/planets/earth/computer-science/operating-systems/linux/text-editors/neomacs/Cyberdeck-Emacs/emacs-cyberdeck/building-things/preparing-lisp-for-distribution
    2.49 loaded    /root/home/shape/Subnet/universe/galaxy/solar-system/planets/earth/computer-science/operating-systems/linux/text-editors/neomacs/Cyberdeck-Emacs/emacs-cyberdeck/files/aiu-registration/cyberdeck/aiu-context/context-prompts/dictionary/etymology
    2.47 loaded    /root/home/shape/Subnet/universe/galaxy/solar-system/planets/earth/computer-science/operating-systems/linux/text-editors/neomacs/Cyberdeck-Emacs/emacs-cyberdeck/daily-editing/killing-and-moving-text
    2.44 loaded    /root/home/shape/Subnet/universe/galaxy/solar-system/planets/earth/computer-science/operating-systems/linux/text-editors/neomacs/Cyberdeck-Emacs/emacs-cyberdeck/files/aiu-registration/cyberdeck/aiu-context/body-aiu-contexts/files/journal
    2.44 loaded    /root/home/shape/Subnet/universe/galaxy/solar-system/planets/earth/computer-science/operating-systems/linux/text-editors/neomacs/Cyberdeck-Emacs/emacs-cyberdeck/the-screen/emojify
    2.38 loaded    /root/home/shape/Subnet/universe/galaxy/solar-system/planets/earth/computer-science/operating-systems/linux/text-editors/neomacs/Cyberdeck-Emacs/emacs-cyberdeck/files/org-manual/02-dates
    2.32 loaded    /root/home/shape/Subnet/universe/galaxy/solar-system/planets/earth/computer-science/operating-systems/linux/text-editors/neomacs/Cyberdeck-Emacs/emacs-cyberdeck/files/aiu-registration/cyberdeck/aiu-context/thinking
    2.30 loaded    /root/home/shape/Subnet/universe/galaxy/solar-system/planets/earth/computer-science/operating-systems/linux/text-editors/neomacs/Cyberdeck-Emacs/emacs-cyberdeck/the-screen/switch-window
    2.26 loaded    /root/home/shape/Subnet/universe/galaxy/solar-system/planets/earth/computer-science/operating-systems/linux/text-editors/neomacs/Cyberdeck-Emacs/emacs-cyberdeck/files/aiu-registration/cyberdeck/aiu-context/context-prompts/rules/level
    2.24 loaded    /root/home/shape/Subnet/universe/galaxy/solar-system/planets/earth/computer-science/operating-systems/linux/text-editors/neomacs/Cyberdeck-Emacs/emacs-cyberdeck/files/aiu-registration/cyberdeck/aiu-frame/dependencies
    2.20 loaded    /root/home/shape/Subnet/universe/galaxy/solar-system/planets/earth/computer-science/operating-systems/linux/text-editors/neomacs/Cyberdeck-Emacs/emacs-cyberdeck/daily-editing/mark-and-region
    2.13 loaded    /root/home/shape/Subnet/universe/galaxy/solar-system/planets/earth/computer-science/operating-systems/linux/text-editors/neomacs/Cyberdeck-Emacs/emacs-cyberdeck/the-screen/display/04-terminal
    2.10 loaded    /root/home/shape/Subnet/universe/galaxy/solar-system/planets/earth/computer-science/operating-systems/linux/text-editors/neomacs/Cyberdeck-Emacs/emacs-cyberdeck/reaching-outward/shell-commands
    2.05 loaded    /root/home/shape/Subnet/universe/galaxy/solar-system/planets/earth/computer-science/operating-systems/linux/text-editors/neomacs/Cyberdeck-Emacs/emacs-cyberdeck/files/aiu-registration/cyberdeck/aiu-frame/aiu-proxy
    2.04 loaded    /root/home/shape/Subnet/universe/galaxy/solar-system/planets/earth/computer-science/operating-systems/linux/text-editors/neomacs/Cyberdeck-Emacs/emacs-cyberdeck/daily-editing/editing-commands/05-data
    2.03 loaded    /root/home/shape/Subnet/universe/galaxy/solar-system/planets/earth/computer-science/operating-systems/linux/text-editors/neomacs/Cyberdeck-Emacs/emacs-cyberdeck/building-things/mmm-mode
    1.97 loaded    /root/home/shape/Subnet/universe/galaxy/solar-system/planets/earth/computer-science/operating-systems/linux/text-editors/neomacs/Cyberdeck-Emacs/emacs-cyberdeck/the-screen/positions
    1.97 loaded    /root/home/shape/Subnet/universe/galaxy/solar-system/planets/earth/computer-science/operating-systems/linux/text-editors/neomacs/Cyberdeck-Emacs/emacs-cyberdeck/under-the-hood/lisp-history
    1.94 loaded    /root/home/shape/Subnet/universe/galaxy/solar-system/planets/earth/computer-science/operating-systems/linux/text-editors/neomacs/Cyberdeck-Emacs/emacs-cyberdeck/files/aiu-registration/cyberdeck/aiu-context/aiu-subnet
    1.86 loaded    /root/home/shape/Subnet/universe/galaxy/solar-system/planets/earth/computer-science/operating-systems/linux/text-editors/neomacs/Cyberdeck-Emacs/emacs-cyberdeck/files/aiu-registration/cyberdeck/aiu-context/state-intelligence
    1.81 loaded    /root/home/shape/Subnet/universe/galaxy/solar-system/planets/earth/computer-science/operating-systems/linux/text-editors/neomacs/Cyberdeck-Emacs/emacs-cyberdeck/the-screen/buffers
    1.80 loaded    /root/home/shape/Subnet/universe/galaxy/solar-system/planets/earth/computer-science/operating-systems/linux/text-editors/neomacs/Cyberdeck-Emacs/emacs-cyberdeck/files/aiu-registration/cyberdeck/aiu-context/state-work
    1.79 loaded    /root/home/shape/Subnet/universe/galaxy/solar-system/planets/earth/computer-science/operating-systems/linux/text-editors/neomacs/Cyberdeck-Emacs/emacs-cyberdeck/files/aiu-registration/cyberdeck/aiu-context/state-validation
    1.77 loaded    /root/home/shape/Subnet/universe/galaxy/solar-system/planets/earth/computer-science/operating-systems/linux/text-editors/neomacs/Cyberdeck-Emacs/emacs-cyberdeck/files/aiu-registration/cyberdeck/aiu-context/state-checklist
    1.74 loaded    /root/home/shape/Subnet/universe/galaxy/solar-system/planets/earth/computer-science/operating-systems/linux/text-editors/neomacs/Cyberdeck-Emacs/emacs-cyberdeck/files/aiu-registration/cyberdeck/aiu-context/state-dependency
    1.74 loaded    /root/home/shape/Subnet/universe/galaxy/solar-system/planets/earth/computer-science/operating-systems/linux/text-editors/neomacs/Cyberdeck-Emacs/emacs-cyberdeck/files/interleave
    1.74 loaded    /root/home/shape/Subnet/universe/galaxy/solar-system/planets/earth/computer-science/operating-systems/linux/text-editors/neomacs/Cyberdeck-Emacs/emacs-cyberdeck/the-screen/windows/01-buffers
    1.73 loaded    /root/home/shape/Subnet/universe/galaxy/solar-system/planets/earth/computer-science/operating-systems/linux/text-editors/neomacs/Cyberdeck-Emacs/emacs-cyberdeck/daily-editing/registers
    1.72 loaded    /root/home/shape/Subnet/universe/galaxy/solar-system/planets/earth/computer-science/operating-systems/linux/text-editors/neomacs/Cyberdeck-Emacs/emacs-cyberdeck/files/aiu-registration/cyberdeck/aiu-context/traps-internal
    1.70 loaded    /root/home/shape/Subnet/universe/galaxy/solar-system/planets/earth/computer-science/operating-systems/linux/text-editors/neomacs/Cyberdeck-Emacs/emacs-cyberdeck/reaching-outward/nominatim
    1.69 loaded    /root/home/shape/Subnet/universe/galaxy/solar-system/planets/earth/computer-science/operating-systems/linux/text-editors/neomacs/Cyberdeck-Emacs/emacs-cyberdeck/files/aiu-registration/cyberdeck/aiu-run/speed-type
    1.68 compiled  /root/home/shape/Subnet/universe/galaxy/solar-system/planets/earth/computer-science/operating-systems/linux/text-editors/neomacs/Cyberdeck-Emacs/emacs-cyberdeck/entering-the-machine/cyberdeck-dashboard/cores/upstream-main
    1.67 loaded    /root/home/shape/Subnet/universe/galaxy/solar-system/planets/earth/computer-science/operating-systems/linux/text-editors/neomacs/Cyberdeck-Emacs/emacs-cyberdeck/files/aiu-registration/cyberdeck/cyberdeck-keyboard/engine/macros
    1.65 loaded    /root/home/shape/Subnet/universe/galaxy/solar-system/planets/earth/computer-science/operating-systems/linux/text-editors/neomacs/Cyberdeck-Emacs/emacs-cyberdeck/the-screen/windows/04-configs
    1.64 loaded    /root/home/shape/Subnet/universe/galaxy/solar-system/planets/earth/computer-science/operating-systems/linux/text-editors/neomacs/Cyberdeck-Emacs/emacs-cyberdeck/the-screen/windows/02-history
    1.60 loaded    /root/home/shape/Subnet/universe/galaxy/solar-system/planets/earth/computer-science/operating-systems/linux/text-editors/neomacs/Cyberdeck-Emacs/emacs-cyberdeck/files/aiu-registration/cyberdeck/aiu-context/state-operational
    1.58 loaded    /root/home/shape/Subnet/universe/galaxy/solar-system/planets/earth/computer-science/operating-systems/linux/text-editors/neomacs/Cyberdeck-Emacs/emacs-cyberdeck/files/aiu-registration/cyberdeck/aiu-context/context-prompts/aiu-runs/domain
    1.56 loaded    /root/home/shape/Subnet/universe/galaxy/solar-system/planets/earth/computer-science/operating-systems/linux/text-editors/neomacs/Cyberdeck-Emacs/emacs-cyberdeck/the-screen/pulsar
    1.53 loaded    /root/home/shape/Subnet/universe/galaxy/solar-system/planets/earth/computer-science/operating-systems/linux/text-editors/neomacs/Cyberdeck-Emacs/emacs-cyberdeck/files/aiu-registration/cyberdeck/aiu-context/sources
    1.51 loaded    /root/home/shape/Subnet/universe/galaxy/solar-system/planets/earth/computer-science/operating-systems/linux/text-editors/neomacs/Cyberdeck-Emacs/emacs-cyberdeck/files/aiu-registration/cyberdeck/aiu-context/traps-external
    1.50 loaded    /root/home/shape/Subnet/universe/galaxy/solar-system/planets/earth/computer-science/operating-systems/linux/text-editors/neomacs/Cyberdeck-Emacs/emacs-cyberdeck/files/org-fancy-priorities
    1.47 loaded    /root/home/shape/Subnet/universe/galaxy/solar-system/planets/earth/computer-science/operating-systems/linux/text-editors/neomacs/Cyberdeck-Emacs/emacs-cyberdeck/files/aiu-registration/cyberdeck/aiu-context/installation-protocol
    1.47 loaded    /root/home/shape/Subnet/universe/galaxy/solar-system/planets/earth/computer-science/operating-systems/linux/text-editors/neomacs/Cyberdeck-Emacs/emacs-cyberdeck/files/aiu-registration/cyberdeck/aiu-context/context-prompts/dictionary/pos
    1.47 loaded    /root/home/shape/Subnet/universe/galaxy/solar-system/planets/earth/computer-science/operating-systems/linux/text-editors/neomacs/Cyberdeck-Emacs/emacs-cyberdeck/files/backups-and-auto-saving
    1.45 loaded    /root/home/shape/Subnet/universe/galaxy/solar-system/planets/earth/computer-science/operating-systems/linux/text-editors/neomacs/Cyberdeck-Emacs/emacs-cyberdeck/files/aiu-registration/cyberdeck/aiu-context/subdir
    1.43 loaded    /root/home/shape/Subnet/universe/galaxy/solar-system/planets/earth/computer-science/operating-systems/linux/text-editors/neomacs/Cyberdeck-Emacs/emacs-cyberdeck/the-screen/centaur-tabs
    1.42 loaded    /root/home/shape/Subnet/universe/galaxy/solar-system/planets/earth/computer-science/operating-systems/linux/text-editors/neomacs/Cyberdeck-Emacs/emacs-cyberdeck/files/aiu-registration/cyberdeck/aiu-context/context-prompts/dictionary/frequency
    1.40 loaded    /root/home/shape/Subnet/universe/galaxy/solar-system/planets/earth/computer-science/operating-systems/linux/text-editors/neomacs/Cyberdeck-Emacs/emacs-cyberdeck/files/aiu-registration/cyberdeck/aiu-context/state-source
    1.40 loaded    /root/home/shape/Subnet/universe/galaxy/solar-system/planets/earth/computer-science/operating-systems/linux/text-editors/neomacs/Cyberdeck-Emacs/emacs-cyberdeck/files/aiu-registration/cyberdeck/aiu-context/flowtest-epsilon
    1.39 loaded    /root/home/shape/Subnet/universe/galaxy/solar-system/planets/earth/computer-science/operating-systems/linux/text-editors/neomacs/Cyberdeck-Emacs/emacs-cyberdeck/the-screen/markers
    1.37 loaded    /root/home/shape/Subnet/universe/galaxy/solar-system/planets/earth/computer-science/operating-systems/linux/text-editors/neomacs/Cyberdeck-Emacs/emacs-cyberdeck/the-screen/windows/00-manage
    1.37 loaded    /root/home/shape/Subnet/universe/galaxy/solar-system/planets/earth/computer-science/operating-systems/linux/text-editors/neomacs/Cyberdeck-Emacs/emacs-cyberdeck/under-the-hood/parsing-program-source
    1.36 loaded    /root/home/shape/Subnet/universe/galaxy/solar-system/planets/earth/computer-science/operating-systems/linux/text-editors/neomacs/Cyberdeck-Emacs/emacs-cyberdeck/under-the-hood/esup
    1.35 loaded    /root/home/shape/Subnet/universe/galaxy/solar-system/planets/earth/computer-science/operating-systems/linux/text-editors/neomacs/Cyberdeck-Emacs/emacs-cyberdeck/files/aiu-registration/cyberdeck/aiu-context/context-prompts/rules/scope
    1.35 loaded    /root/home/shape/Subnet/universe/galaxy/solar-system/planets/earth/computer-science/operating-systems/linux/text-editors/neomacs/Cyberdeck-Emacs/emacs-cyberdeck/files/aiu-registration/cyberdeck/cyberdeck-keyboard/engine/setup
    1.32 loaded    /root/home/shape/Subnet/universe/galaxy/solar-system/planets/earth/computer-science/operating-systems/linux/text-editors/neomacs/Cyberdeck-Emacs/emacs-cyberdeck/files/aiu-registration/cyberdeck/aiu-context/body-aiu-contexts/files/math
    1.28 loaded    /root/home/shape/Subnet/universe/galaxy/solar-system/planets/earth/computer-science/operating-systems/linux/text-editors/neomacs/Cyberdeck-Emacs/emacs-cyberdeck/files/aiu-registration/cyberdeck/aiu-context/schedule
    1.26 loaded    /root/home/shape/Subnet/universe/galaxy/solar-system/planets/earth/computer-science/operating-systems/linux/text-editors/neomacs/Cyberdeck-Emacs/emacs-cyberdeck/daily-editing/commands-for-fixing-typos
    1.25 loaded    /root/home/shape/Subnet/universe/galaxy/solar-system/planets/earth/computer-science/operating-systems/linux/text-editors/neomacs/Cyberdeck-Emacs/emacs-cyberdeck/talking-to-emacs/completion
    1.24 loaded    /root/home/shape/Subnet/universe/galaxy/solar-system/planets/earth/computer-science/operating-systems/linux/text-editors/neomacs/Cyberdeck-Emacs/emacs-cyberdeck/files/aiu-registration/cyberdeck/aiu-context/leverage
    1.24 loaded    /root/home/shape/Subnet/universe/galaxy/solar-system/planets/earth/computer-science/operating-systems/linux/text-editors/neomacs/Cyberdeck-Emacs/emacs-cyberdeck/files/detexify
    1.24 loaded    /root/home/shape/Subnet/universe/galaxy/solar-system/planets/earth/computer-science/operating-systems/linux/text-editors/neomacs/Cyberdeck-Emacs/emacs-cyberdeck/daily-editing/editing-commands/06-misc
    1.24 loaded    /root/home/shape/Subnet/universe/galaxy/solar-system/planets/earth/computer-science/operating-systems/linux/text-editors/neomacs/Cyberdeck-Emacs/emacs-cyberdeck/under-the-hood/tips-and-conventions
    1.21 loaded    /root/home/shape/Subnet/universe/galaxy/solar-system/planets/earth/computer-science/operating-systems/linux/text-editors/neomacs/Cyberdeck-Emacs/emacs-cyberdeck/files/aiu-registration/cyberdeck/aiu-context/tags
    1.20 loaded    /root/home/shape/Subnet/universe/galaxy/solar-system/planets/earth/computer-science/operating-systems/linux/text-editors/neomacs/Cyberdeck-Emacs/emacs-cyberdeck/under-the-hood/documentation
    1.20 loaded    /root/home/shape/Subnet/universe/galaxy/solar-system/planets/earth/computer-science/operating-systems/linux/text-editors/neomacs/Cyberdeck-Emacs/emacs-cyberdeck/files/aiu-registration/cyberdeck/aiu-run/alarm-clock
    1.19 loaded    /root/home/shape/Subnet/universe/galaxy/solar-system/planets/earth/computer-science/operating-systems/linux/text-editors/neomacs/Cyberdeck-Emacs/emacs-cyberdeck/files/aiu-registration/cyberdeck/aiu-context/counters
    1.19 loaded    /root/home/shape/Subnet/universe/galaxy/solar-system/planets/earth/computer-science/operating-systems/linux/text-editors/neomacs/Cyberdeck-Emacs/emacs-cyberdeck/daily-editing/flyspell
    1.17 loaded    /root/home/shape/Subnet/universe/galaxy/solar-system/planets/earth/computer-science/operating-systems/linux/text-editors/neomacs/Cyberdeck-Emacs/emacs-cyberdeck/files/aiu-registration/cyberdeck/aiu-context/installation
    1.17 loaded    /root/home/shape/Subnet/universe/galaxy/solar-system/planets/earth/computer-science/operating-systems/linux/text-editors/neomacs/Cyberdeck-Emacs/emacs-cyberdeck/files/aiu-registration/cyberdeck/aiu-context/rules
    1.16 loaded    /root/home/shape/Subnet/universe/galaxy/solar-system/planets/earth/computer-science/operating-systems/linux/text-editors/neomacs/Cyberdeck-Emacs/emacs-cyberdeck/talking-to-emacs/keyboard-macros
    1.13 loaded    /root/home/shape/Subnet/universe/galaxy/solar-system/planets/earth/computer-science/operating-systems/linux/text-editors/neomacs/Cyberdeck-Emacs/emacs-cyberdeck/files/aiu-registration/cyberdeck/aiu-context/body-aiu-contexts/files/protocol
    1.13 loaded    /root/home/shape/Subnet/universe/galaxy/solar-system/planets/earth/computer-science/operating-systems/linux/text-editors/neomacs/Cyberdeck-Emacs/emacs-cyberdeck/reaching-outward/hyperlinking-and-web-navigation
    1.12 loaded    /root/home/shape/Subnet/universe/galaxy/solar-system/planets/earth/computer-science/operating-systems/linux/text-editors/neomacs/Cyberdeck-Emacs/emacs-cyberdeck/files/aiu-registration/cyberdeck/aiu-context/aiu-context
    1.12 loaded    /root/home/shape/Subnet/universe/galaxy/solar-system/planets/earth/computer-science/operating-systems/linux/text-editors/neomacs/Cyberdeck-Emacs/emacs-cyberdeck/files/aiu-registration/cyberdeck/aiu-context/hypotheses
    1.10 loaded    /root/home/shape/Subnet/universe/galaxy/solar-system/planets/earth/computer-science/operating-systems/linux/text-editors/neomacs/Cyberdeck-Emacs/emacs-cyberdeck/files/aiu-registration/cyberdeck/aiu-context/objectives
    1.08 loaded    /root/home/shape/Subnet/universe/galaxy/solar-system/planets/earth/computer-science/operating-systems/linux/text-editors/neomacs/Cyberdeck-Emacs/emacs-cyberdeck/files/document-viewing
    1.08 loaded    /root/home/shape/Subnet/universe/galaxy/solar-system/planets/earth/computer-science/operating-systems/linux/text-editors/neomacs/Cyberdeck-Emacs/emacs-cyberdeck/files/aiu-registration/cyberdeck/aiu-context/philosophy
    1.07 loaded    /root/home/shape/Subnet/universe/galaxy/solar-system/planets/earth/computer-science/operating-systems/linux/text-editors/neomacs/Cyberdeck-Emacs/emacs-cyberdeck/files/aiu-registration/cyberdeck/aiu-context/position
    1.07 loaded    /root/home/shape/Subnet/universe/galaxy/solar-system/planets/earth/computer-science/operating-systems/linux/text-editors/neomacs/Cyberdeck-Emacs/emacs-cyberdeck/files/aiu-registration/cyberdeck/aiu-context/context-prompts/contacts/note
    1.07 loaded    /root/home/shape/Subnet/universe/galaxy/solar-system/planets/earth/computer-science/operating-systems/linux/text-editors/neomacs/Cyberdeck-Emacs/emacs-cyberdeck/files/aiu-registration/cyberdeck/aiu-context/laws
    1.07 loaded    /root/home/shape/Subnet/universe/galaxy/solar-system/planets/earth/computer-science/operating-systems/linux/text-editors/neomacs/Cyberdeck-Emacs/emacs-cyberdeck/files/aiu-registration/cyberdeck/aiu-context/signals
    1.04 loaded    /root/home/shape/Subnet/universe/galaxy/solar-system/planets/earth/computer-science/operating-systems/linux/text-editors/neomacs/Cyberdeck-Emacs/emacs-cyberdeck/files/aiu-registration/cyberdeck/aiu-context/state-general
    1.04 loaded    /root/home/shape/Subnet/universe/galaxy/solar-system/planets/earth/computer-science/operating-systems/linux/text-editors/neomacs/Cyberdeck-Emacs/emacs-cyberdeck/reaching-outward/org-web-tools
    1.03 loaded    /root/home/shape/Subnet/universe/galaxy/solar-system/planets/earth/computer-science/operating-systems/linux/text-editors/neomacs/Cyberdeck-Emacs/emacs-cyberdeck/files/aiu-registration/cyberdeck/aiu-context/decisions
    1.03 loaded    /root/home/shape/Subnet/universe/galaxy/solar-system/planets/earth/computer-science/operating-systems/linux/text-editors/neomacs/Cyberdeck-Emacs/emacs-cyberdeck/entering-the-machine/entering
    1.02 loaded    /root/home/shape/Subnet/universe/galaxy/solar-system/planets/earth/computer-science/operating-systems/linux/text-editors/neomacs/Cyberdeck-Emacs/emacs-cyberdeck/files/aiu-registration/cyberdeck/aiu-context/failures
    1.01 loaded    /root/home/shape/Subnet/universe/galaxy/solar-system/planets/earth/computer-science/operating-systems/linux/text-editors/neomacs/Cyberdeck-Emacs/emacs-cyberdeck/files/aiu-registration/cyberdeck/aiu-context/advantages
    1.00 loaded    /root/home/shape/Subnet/universe/galaxy/solar-system/planets/earth/computer-science/operating-systems/linux/text-editors/neomacs/Cyberdeck-Emacs/emacs-cyberdeck/files/aiu-registration/cyberdeck/aiu-context/journal
    1.00 loaded    /root/home/shape/Subnet/universe/galaxy/solar-system/planets/earth/computer-science/operating-systems/linux/text-editors/neomacs/Cyberdeck-Emacs/emacs-cyberdeck/files/aiu-registration/cyberdeck/aiu-context/experiments
    0.99 loaded    /root/home/shape/Subnet/universe/galaxy/solar-system/planets/earth/computer-science/operating-systems/linux/text-editors/neomacs/Cyberdeck-Emacs/emacs-cyberdeck/talking-to-emacs/ivy-omni-org
    0.97 loaded    /root/home/shape/Subnet/universe/galaxy/solar-system/planets/earth/computer-science/operating-systems/linux/text-editors/neomacs/Cyberdeck-Emacs/emacs-cyberdeck/the-screen/buffer-background
    0.96 loaded    /root/home/shape/Subnet/universe/galaxy/solar-system/planets/earth/computer-science/operating-systems/linux/text-editors/neomacs/Cyberdeck-Emacs/emacs-cyberdeck/shaping-the-tool/leaf
    0.95 loaded    /root/home/shape/Subnet/universe/galaxy/solar-system/planets/earth/computer-science/operating-systems/linux/text-editors/neomacs/Cyberdeck-Emacs/emacs-cyberdeck/files/aiu-registration/cyberdeck/aiu-context/evidence
    0.94 loaded    /root/home/shape/Subnet/universe/galaxy/solar-system/planets/earth/computer-science/operating-systems/linux/text-editors/neomacs/Cyberdeck-Emacs/emacs-cyberdeck/files/aiu-registration/cyberdeck/aiu-context/quotes
    0.93 loaded    /root/home/shape/Subnet/universe/galaxy/solar-system/planets/earth/computer-science/operating-systems/linux/text-editors/neomacs/Cyberdeck-Emacs/emacs-cyberdeck/shaping-the-tool/modus-themes
    0.93 loaded    /root/home/shape/Subnet/universe/galaxy/solar-system/planets/earth/computer-science/operating-systems/linux/text-editors/neomacs/Cyberdeck-Emacs/emacs-cyberdeck/files/aiu-registration/cyberdeck/aiu-context/context
    0.91 loaded    /root/home/shape/Subnet/universe/galaxy/solar-system/planets/earth/computer-science/operating-systems/linux/text-editors/neomacs/Cyberdeck-Emacs/emacs-cyberdeck/daily-editing/indentation
    0.91 loaded    /root/home/shape/Subnet/universe/galaxy/solar-system/planets/earth/computer-science/operating-systems/linux/text-editors/neomacs/Cyberdeck-Emacs/emacs-cyberdeck/files/aiu-registration/cyberdeck/aiu-context/body-aiu-contexts/files/emacs-mechanism-module
    0.90 loaded    /root/home/shape/Subnet/universe/galaxy/solar-system/planets/earth/computer-science/operating-systems/linux/text-editors/neomacs/Cyberdeck-Emacs/emacs-cyberdeck/entering-the-machine/restart-emacs
    0.90 loaded    /root/home/shape/Subnet/universe/galaxy/solar-system/planets/earth/computer-science/operating-systems/linux/text-editors/neomacs/Cyberdeck-Emacs/emacs-cyberdeck/the-screen/windows/03-scrolling
    0.86 loaded    /root/home/shape/Subnet/universe/galaxy/solar-system/planets/earth/computer-science/operating-systems/linux/text-editors/neomacs/Cyberdeck-Emacs/emacs-cyberdeck/files/aiu-registration/cyberdeck/aiu-context/body-aiu-contexts/files/reference
    0.86 loaded    /root/home/shape/Subnet/universe/galaxy/solar-system/planets/earth/computer-science/operating-systems/linux/text-editors/neomacs/Cyberdeck-Emacs/emacs-cyberdeck/building-things/universal-launcher
    0.85 loaded    /root/home/shape/Subnet/universe/galaxy/solar-system/planets/earth/computer-science/operating-systems/linux/text-editors/neomacs/Cyberdeck-Emacs/emacs-cyberdeck/entering-the-machine/emergency-escape
    0.84 compiled  /root/home/shape/Subnet/universe/galaxy/solar-system/planets/earth/computer-science/operating-systems/linux/text-editors/neomacs/Cyberdeck-Emacs/emacs-cyberdeck/entering-the-machine/cyberdeck-dashboard/engine/macros
    0.84 loaded    /root/home/shape/Subnet/universe/galaxy/solar-system/planets/earth/computer-science/operating-systems/linux/text-editors/neomacs/Cyberdeck-Emacs/emacs-cyberdeck/reaching-outward/geoclue
    0.82 loaded    /root/home/shape/Subnet/universe/galaxy/solar-system/planets/earth/computer-science/operating-systems/linux/text-editors/neomacs/Cyberdeck-Emacs/emacs-cyberdeck/files/aiu-registration/cyberdeck/aiu-context/body-aiu-contexts/files/task
    0.82 loaded    /root/home/shape/Subnet/universe/galaxy/solar-system/planets/earth/computer-science/operating-systems/linux/text-editors/neomacs/Cyberdeck-Emacs/emacs-cyberdeck/files/org-remark
    0.81 loaded    /root/home/shape/Subnet/universe/galaxy/solar-system/planets/earth/computer-science/operating-systems/linux/text-editors/neomacs/Cyberdeck-Emacs/emacs-cyberdeck/files/aiu-registration/cyberdeck/aiu-context/body-aiu-contexts/files/recipes
    0.81 loaded    /root/home/shape/Subnet/universe/galaxy/solar-system/planets/earth/computer-science/operating-systems/linux/text-editors/neomacs/Cyberdeck-Emacs/emacs-cyberdeck/files/aiu-registration/cyberdeck/aiu-context/body-aiu-contexts/files/notes
    0.80 loaded    /root/home/shape/Subnet/universe/galaxy/solar-system/planets/earth/computer-science/operating-systems/linux/text-editors/neomacs/Cyberdeck-Emacs/emacs-cyberdeck/files/aiu-registration/cyberdeck/aiu-context/body-aiu-contexts/files/emacs-mechanism-local
    0.80 compiled  /root/home/shape/Subnet/universe/galaxy/solar-system/planets/earth/computer-science/operating-systems/linux/text-editors/neomacs/Cyberdeck-Emacs/emacs-cyberdeck/entering-the-machine/cyberdeck-dashboard/faces
    0.79 loaded    /root/home/shape/Subnet/universe/galaxy/solar-system/planets/earth/computer-science/operating-systems/linux/text-editors/neomacs/Cyberdeck-Emacs/emacs-cyberdeck/the-screen/centered-cursor-mode
    0.77 loaded    /root/home/shape/Subnet/universe/galaxy/solar-system/planets/earth/computer-science/operating-systems/linux/text-editors/neomacs/Cyberdeck-Emacs/emacs-cyberdeck/reaching-outward/eshell
    0.76 compiled  /root/home/shape/Subnet/universe/galaxy/solar-system/planets/earth/computer-science/operating-systems/linux/text-editors/neomacs/Cyberdeck-Emacs/emacs-cyberdeck/entering-the-machine/cyberdeck-dashboard/widgets/commands
    0.74 loaded    /root/home/shape/Subnet/universe/galaxy/solar-system/planets/earth/computer-science/operating-systems/linux/text-editors/neomacs/Cyberdeck-Emacs/emacs-cyberdeck/files/aiu-registration/cyberdeck/aiu-context/status
    0.74 loaded    /root/home/shape/Subnet/universe/galaxy/solar-system/planets/earth/computer-science/operating-systems/linux/text-editors/neomacs/Cyberdeck-Emacs/emacs-cyberdeck/files/aiu-registration/cyberdeck/aiu-context/context-prompts/contacts/nickname
    0.74 loaded    /root/home/shape/Subnet/universe/galaxy/solar-system/planets/earth/computer-science/operating-systems/linux/text-editors/neomacs/Cyberdeck-Emacs/emacs-cyberdeck/files/citar
    0.73 loaded    /root/home/shape/Subnet/universe/galaxy/solar-system/planets/earth/computer-science/operating-systems/linux/text-editors/neomacs/Cyberdeck-Emacs/emacs-cyberdeck/daily-editing/editing-commands/00-levels
    0.72 loaded    /root/home/shape/Subnet/universe/galaxy/solar-system/planets/earth/computer-science/operating-systems/linux/text-editors/neomacs/Cyberdeck-Emacs/emacs-cyberdeck/files/aiu-registration/cyberdeck/aiu-context/body-aiu-contexts/files/agent
    0.72 loaded    /root/home/shape/Subnet/universe/galaxy/solar-system/planets/earth/computer-science/operating-systems/linux/text-editors/neomacs/Cyberdeck-Emacs/emacs-cyberdeck/files/aiu-registration/cyberdeck/aiu-context/context-prompts/contacts/birthday
    0.72 loaded    /root/home/shape/Subnet/universe/galaxy/solar-system/planets/earth/computer-science/operating-systems/linux/text-editors/neomacs/Cyberdeck-Emacs/emacs-cyberdeck/talking-to-emacs/consult-todo
    0.71 compiled  /root/home/shape/Subnet/universe/galaxy/solar-system/planets/earth/computer-science/operating-systems/linux/text-editors/neomacs/Cyberdeck-Emacs/emacs-cyberdeck/entering-the-machine/cyberdeck-dashboard/banner/art
    0.71 loaded    /root/home/shape/Subnet/universe/galaxy/solar-system/planets/earth/computer-science/operating-systems/linux/text-editors/neomacs/Cyberdeck-Emacs/emacs-cyberdeck/reaching-outward/everywhere
    0.71 loaded    /root/home/shape/Subnet/universe/galaxy/solar-system/planets/earth/computer-science/operating-systems/linux/text-editors/neomacs/Cyberdeck-Emacs/emacs-cyberdeck/files/aiu-registration/cyberdeck/aiu-context/context-prompts/rules/topic
    0.69 loaded    /root/home/shape/Subnet/universe/galaxy/solar-system/planets/earth/computer-science/operating-systems/linux/text-editors/neomacs/Cyberdeck-Emacs/emacs-cyberdeck/files/aiu-registration/cyberdeck/aiu-context/aiu-subnet-select
    0.68 loaded    /root/home/shape/Subnet/universe/galaxy/solar-system/planets/earth/computer-science/operating-systems/linux/text-editors/neomacs/Cyberdeck-Emacs/emacs-cyberdeck/files/aiu-registration/cyberdeck/aiu-context/context-prompts/dictionary/pronunciation
    0.68 loaded    /root/home/shape/Subnet/universe/galaxy/solar-system/planets/earth/computer-science/operating-systems/linux/text-editors/neomacs/Cyberdeck-Emacs/emacs-cyberdeck/files/aiu-registration/cyberdeck/cyberdeck-keyboard/states/zz-universal
    0.67 loaded    /root/home/shape/Subnet/universe/galaxy/solar-system/planets/earth/computer-science/operating-systems/linux/text-editors/neomacs/Cyberdeck-Emacs/emacs-cyberdeck/files/aiu-registration/cyberdeck/aiu-frame/plugins/emacs-mechanism/module-file
    0.67 loaded    /root/home/shape/Subnet/universe/galaxy/solar-system/planets/earth/computer-science/operating-systems/linux/text-editors/neomacs/Cyberdeck-Emacs/emacs-cyberdeck/files/aiu-registration/cyberdeck/aiu-context/context-prompts/contacts/phone
    0.67 compiled  /root/home/shape/Subnet/universe/galaxy/solar-system/planets/earth/computer-science/operating-systems/linux/text-editors/neomacs/Cyberdeck-Emacs/emacs-cyberdeck/entering-the-machine/cyberdeck-dashboard/widgets/clock
    0.67 loaded    /root/home/shape/Subnet/universe/galaxy/solar-system/planets/earth/computer-science/operating-systems/linux/text-editors/neomacs/Cyberdeck-Emacs/emacs-cyberdeck/the-screen/display/07-modes
    0.66 loaded    /root/home/shape/Subnet/universe/galaxy/solar-system/planets/earth/computer-science/operating-systems/linux/text-editors/neomacs/Cyberdeck-Emacs/emacs-cyberdeck/files/aiu-registration/cyberdeck/aiu-context/context-prompts/contacts/email
    0.65 loaded    /root/home/shape/Subnet/universe/galaxy/solar-system/planets/earth/computer-science/operating-systems/linux/text-editors/neomacs/Cyberdeck-Emacs/emacs-cyberdeck/the-screen/minibuffer-frame
    0.65 loaded    /root/home/shape/Subnet/universe/galaxy/solar-system/planets/earth/computer-science/operating-systems/linux/text-editors/neomacs/Cyberdeck-Emacs/emacs-cyberdeck/files/aiu-registration/cyberdeck/aiu-context/context-prompts/dictionary/examples
    0.65 loaded    /root/home/shape/Subnet/universe/galaxy/solar-system/planets/earth/computer-science/operating-systems/linux/text-editors/neomacs/Cyberdeck-Emacs/emacs-cyberdeck/files/aiu-registration/cyberdeck/aiu-context/context-prompts/dictionary/synonyms
    0.64 compiled  /root/home/shape/Subnet/universe/galaxy/solar-system/planets/earth/computer-science/operating-systems/linux/text-editors/neomacs/Cyberdeck-Emacs/emacs-cyberdeck/entering-the-machine/cyberdeck-dashboard/widgets/status
    0.62 compiled  /root/home/shape/Subnet/universe/galaxy/solar-system/planets/earth/computer-science/operating-systems/linux/text-editors/neomacs/Cyberdeck-Emacs/emacs-cyberdeck/entering-the-machine/cyberdeck-dashboard/widgets/sartre
    0.62 loaded    /root/home/shape/Subnet/universe/galaxy/solar-system/planets/earth/computer-science/operating-systems/linux/text-editors/neomacs/Cyberdeck-Emacs/emacs-cyberdeck/daily-editing/bookmark-plus
    0.62 loaded    /root/home/shape/Subnet/universe/galaxy/solar-system/planets/earth/computer-science/operating-systems/linux/text-editors/neomacs/Cyberdeck-Emacs/emacs-cyberdeck/building-things/git-gutter
    0.61 loaded    /root/home/shape/Subnet/universe/galaxy/solar-system/planets/earth/computer-science/operating-systems/linux/text-editors/neomacs/Cyberdeck-Emacs/emacs-cyberdeck/files/aiu-registration/cyberdeck/aiu-frame/plugins/emacs-mechanism/local-file
    0.61 loaded    /root/home/shape/Subnet/universe/galaxy/solar-system/planets/earth/computer-science/operating-systems/linux/text-editors/neomacs/Cyberdeck-Emacs/emacs-cyberdeck/daily-editing/sorting-text
    0.60 loaded    /root/home/shape/Subnet/universe/galaxy/solar-system/planets/earth/computer-science/operating-systems/linux/text-editors/neomacs/Cyberdeck-Emacs/emacs-cyberdeck/files/org-superstar
    0.59 loaded    /root/home/shape/Subnet/universe/galaxy/solar-system/planets/earth/computer-science/operating-systems/linux/text-editors/neomacs/Cyberdeck-Emacs/emacs-cyberdeck/the-screen/org-tree-slide
    0.58 loaded    /root/home/shape/Subnet/universe/galaxy/solar-system/planets/earth/computer-science/operating-systems/linux/text-editors/neomacs/Cyberdeck-Emacs/emacs-cyberdeck/files/aiu-registration/cyberdeck/aiu-context/thinking-types
    0.58 loaded    /root/home/shape/Subnet/universe/galaxy/solar-system/planets/earth/computer-science/operating-systems/linux/text-editors/neomacs/Cyberdeck-Emacs/emacs-cyberdeck/reaching-outward/fzf
    0.58 loaded    /root/home/shape/Subnet/universe/galaxy/solar-system/planets/earth/computer-science/operating-systems/linux/text-editors/neomacs/Cyberdeck-Emacs/emacs-cyberdeck/under-the-hood/flycheck
    0.56 loaded    /root/home/shape/Subnet/universe/galaxy/solar-system/planets/earth/computer-science/operating-systems/linux/text-editors/neomacs/Cyberdeck-Emacs/emacs-cyberdeck/files/org-modern
    0.56 compiled  /root/home/shape/Subnet/universe/galaxy/solar-system/planets/earth/computer-science/operating-systems/linux/text-editors/neomacs/Cyberdeck-Emacs/emacs-cyberdeck/entering-the-machine/cyberdeck-dashboard/widgets/todos
    0.54 loaded    /root/home/shape/Subnet/universe/galaxy/solar-system/planets/earth/computer-science/operating-systems/linux/text-editors/neomacs/Cyberdeck-Emacs/emacs-cyberdeck/reaching-outward/persistent-authentication
    0.53 loaded    /root/home/shape/Subnet/universe/galaxy/solar-system/planets/earth/computer-science/operating-systems/linux/text-editors/neomacs/Cyberdeck-Emacs/emacs-cyberdeck/files/aiu-registration/cyberdeck/aiu-context/context-prompts/rules/file-override
    0.52 loaded    /root/home/shape/Subnet/universe/galaxy/solar-system/planets/earth/computer-science/operating-systems/linux/text-editors/neomacs/Cyberdeck-Emacs/emacs-cyberdeck/files/org-download
    0.52 loaded    /root/home/shape/Subnet/universe/galaxy/solar-system/planets/earth/computer-science/operating-systems/linux/text-editors/neomacs/Cyberdeck-Emacs/emacs-cyberdeck/reaching-outward/password-generator
    0.51 loaded    /root/home/shape/Subnet/universe/galaxy/solar-system/planets/earth/computer-science/operating-systems/linux/text-editors/neomacs/Cyberdeck-Emacs/emacs-cyberdeck/the-screen/center-lock
    0.50 loaded    /root/home/shape/Subnet/universe/galaxy/solar-system/planets/earth/computer-science/operating-systems/linux/text-editors/neomacs/Cyberdeck-Emacs/emacs-cyberdeck/files/aiu-registration/cyberdeck/cyberdeck-keyboard/states/vundo
    0.50 loaded    /root/home/shape/Subnet/universe/galaxy/solar-system/planets/earth/computer-science/operating-systems/linux/text-editors/neomacs/Cyberdeck-Emacs/emacs-cyberdeck/daily-editing/dmacro
    0.50 loaded    /root/home/shape/Subnet/universe/galaxy/solar-system/planets/earth/computer-science/operating-systems/linux/text-editors/neomacs/Cyberdeck-Emacs/emacs-cyberdeck/the-screen/goggles
    0.50 loaded    /root/home/shape/Subnet/universe/galaxy/solar-system/planets/earth/computer-science/operating-systems/linux/text-editors/neomacs/Cyberdeck-Emacs/emacs-cyberdeck/files/editing-binary-files
    0.50 loaded    /root/home/shape/Subnet/universe/galaxy/solar-system/planets/earth/computer-science/operating-systems/linux/text-editors/neomacs/Cyberdeck-Emacs/emacs-cyberdeck/under-the-hood/standard-errors
    0.49 loaded    /root/home/shape/Subnet/universe/galaxy/solar-system/planets/earth/computer-science/operating-systems/linux/text-editors/neomacs/Cyberdeck-Emacs/emacs-cyberdeck/files/org-sticky-header
    0.49 loaded    /root/home/shape/Subnet/universe/galaxy/solar-system/planets/earth/computer-science/operating-systems/linux/text-editors/neomacs/Cyberdeck-Emacs/emacs-cyberdeck/files/aiu-registration/cyberdeck/cyberdeck-keyboard/states/visual
    0.49 loaded    /root/home/shape/Subnet/universe/galaxy/solar-system/planets/earth/computer-science/operating-systems/linux/text-editors/neomacs/Cyberdeck-Emacs/emacs-cyberdeck/files/org-rainbow-tags
    0.49 loaded    /root/home/shape/Subnet/universe/galaxy/solar-system/planets/earth/computer-science/operating-systems/linux/text-editors/neomacs/Cyberdeck-Emacs/emacs-cyberdeck/under-the-hood/debug-adapter-protocol
    0.49 loaded    /root/home/shape/Subnet/universe/galaxy/solar-system/planets/earth/computer-science/operating-systems/linux/text-editors/neomacs/Cyberdeck-Emacs/emacs-cyberdeck/files/aiu-registration/cyberdeck/aiu-frame/search
    0.49 loaded    /root/home/shape/Subnet/universe/galaxy/solar-system/planets/earth/computer-science/operating-systems/linux/text-editors/neomacs/Cyberdeck-Emacs/emacs-cyberdeck/the-screen/move-text
    0.48 loaded    /root/home/shape/Subnet/universe/galaxy/solar-system/planets/earth/computer-science/operating-systems/linux/text-editors/neomacs/Cyberdeck-Emacs/emacs-cyberdeck/entering-the-machine/quitting-and-aborting
    0.47 loaded    /root/home/shape/Subnet/universe/galaxy/solar-system/planets/earth/computer-science/operating-systems/linux/text-editors/neomacs/Cyberdeck-Emacs/emacs-cyberdeck/files/aiu-registration/cyberdeck/cyberdeck-keyboard/states/aiu-subnet
    0.46 loaded    /root/home/shape/Subnet/universe/galaxy/solar-system/planets/earth/computer-science/operating-systems/linux/text-editors/neomacs/Cyberdeck-Emacs/emacs-cyberdeck/files/org-fragtog
    0.46 loaded    /root/home/shape/Subnet/universe/galaxy/solar-system/planets/earth/computer-science/operating-systems/linux/text-editors/neomacs/Cyberdeck-Emacs/emacs-cyberdeck/files/org-appear
    0.46 loaded    /root/home/shape/Subnet/universe/galaxy/solar-system/planets/earth/computer-science/operating-systems/linux/text-editors/neomacs/Cyberdeck-Emacs/emacs-cyberdeck/files/aiu-registration/cyberdeck/cyberdeck-keyboard/leaders/tabs
    0.46 loaded    /root/home/shape/Subnet/universe/galaxy/solar-system/planets/earth/computer-science/operating-systems/linux/text-editors/neomacs/Cyberdeck-Emacs/emacs-cyberdeck/reaching-outward/emacs-everywhere
    0.45 loaded    /root/home/shape/Subnet/universe/galaxy/solar-system/planets/earth/computer-science/operating-systems/linux/text-editors/neomacs/Cyberdeck-Emacs/emacs-cyberdeck/files/multifiles
    0.45 loaded    /root/home/shape/Subnet/universe/galaxy/solar-system/planets/earth/computer-science/operating-systems/linux/text-editors/neomacs/Cyberdeck-Emacs/emacs-cyberdeck/files/aiu-registration/cyberdeck/aiu-run/agenda-day
    0.45 loaded    /root/home/shape/Subnet/universe/galaxy/solar-system/planets/earth/computer-science/operating-systems/linux/text-editors/neomacs/Cyberdeck-Emacs/emacs-cyberdeck/files/aiu-registration/cyberdeck/aiu-frame/installation-protocol
    0.44 loaded    /root/home/shape/Subnet/universe/galaxy/solar-system/planets/earth/computer-science/operating-systems/linux/text-editors/neomacs/Cyberdeck-Emacs/emacs-cyberdeck/files/org-super-agenda
    0.43 loaded    /root/home/shape/Subnet/universe/galaxy/solar-system/planets/earth/computer-science/operating-systems/linux/text-editors/neomacs/Cyberdeck-Emacs/emacs-cyberdeck/files/org-modern-indent
    0.43 loaded    /root/home/shape/Subnet/universe/galaxy/solar-system/planets/earth/computer-science/operating-systems/linux/text-editors/neomacs/Cyberdeck-Emacs/emacs-cyberdeck/the-screen/olivetti
    0.43 loaded    /root/home/shape/Subnet/universe/galaxy/solar-system/planets/earth/computer-science/operating-systems/linux/text-editors/neomacs/Cyberdeck-Emacs/emacs-cyberdeck/files/aiu-registration/cyberdeck/aiu-run/protocols
    0.42 loaded    /root/home/shape/Subnet/universe/galaxy/solar-system/planets/earth/computer-science/operating-systems/linux/text-editors/neomacs/Cyberdeck-Emacs/emacs-cyberdeck/files/aiu-registration/cyberdeck/cyberdeck-keyboard/leaders/templates
    0.42 loaded    /root/home/shape/Subnet/universe/galaxy/solar-system/planets/earth/computer-science/operating-systems/linux/text-editors/neomacs/Cyberdeck-Emacs/emacs-cyberdeck/files/aiu-registration/cyberdeck/aiu-frame/restoration
    0.42 loaded    /root/home/shape/Subnet/universe/galaxy/solar-system/planets/earth/computer-science/operating-systems/linux/text-editors/neomacs/Cyberdeck-Emacs/emacs-cyberdeck/the-screen/minions
    0.42 loaded    /root/home/shape/Subnet/universe/galaxy/solar-system/planets/earth/computer-science/operating-systems/linux/text-editors/neomacs/Cyberdeck-Emacs/emacs-cyberdeck/files/aiu-registration/cyberdeck/cyberdeck-keyboard/states/insert
    0.42 loaded    /root/home/shape/Subnet/universe/galaxy/solar-system/planets/earth/computer-science/operating-systems/linux/text-editors/neomacs/Cyberdeck-Emacs/emacs-cyberdeck/files/aiu-registration/cyberdeck/aiu-frame/search-center
    0.42 loaded    /root/home/shape/Subnet/universe/galaxy/solar-system/planets/earth/computer-science/operating-systems/linux/text-editors/neomacs/Cyberdeck-Emacs/emacs-cyberdeck/files/aiu-registration/cyberdeck/cyberdeck-keyboard/leaders/select
    0.41 loaded    /root/home/shape/Subnet/universe/galaxy/solar-system/planets/earth/computer-science/operating-systems/linux/text-editors/neomacs/Cyberdeck-Emacs/emacs-cyberdeck/the-screen/svg-tag-mode
    0.41 loaded    /root/home/shape/Subnet/universe/galaxy/solar-system/planets/earth/computer-science/operating-systems/linux/text-editors/neomacs/Cyberdeck-Emacs/emacs-cyberdeck/files/aiu-registration/cyberdeck/aiu-run/aiu-runs
    0.41 loaded    /root/home/shape/Subnet/universe/galaxy/solar-system/planets/earth/computer-science/operating-systems/linux/text-editors/neomacs/Cyberdeck-Emacs/emacs-cyberdeck/files/aiu-registration/cyberdeck/cyberdeck-keyboard/states/motion
    0.41 loaded    /root/home/shape/Subnet/universe/galaxy/solar-system/planets/earth/computer-science/operating-systems/linux/text-editors/neomacs/Cyberdeck-Emacs/emacs-cyberdeck/talking-to-emacs/popup
    0.40 loaded    /root/home/shape/Subnet/universe/galaxy/solar-system/planets/earth/computer-science/operating-systems/linux/text-editors/neomacs/Cyberdeck-Emacs/emacs-cyberdeck/files/aiu-registration/cyberdeck/cyberdeck-keyboard/leaders/tools
    0.40 loaded    /root/home/shape/Subnet/universe/galaxy/solar-system/planets/earth/computer-science/operating-systems/linux/text-editors/neomacs/Cyberdeck-Emacs/emacs-cyberdeck/files/aiu-registration/cyberdeck/aiu-frame/aiu-context
    0.39 loaded    /root/home/shape/Subnet/universe/galaxy/solar-system/planets/earth/computer-science/operating-systems/linux/text-editors/neomacs/Cyberdeck-Emacs/emacs-cyberdeck/the-screen/svg-lib
    0.39 loaded    /root/home/shape/Subnet/universe/galaxy/solar-system/planets/earth/computer-science/operating-systems/linux/text-editors/neomacs/Cyberdeck-Emacs/emacs-cyberdeck/files/aiu-registration/cyberdeck/aiu-context/context-prompts/recipes/cook-time
    0.39 loaded    /root/home/shape/Subnet/universe/galaxy/solar-system/planets/earth/computer-science/operating-systems/linux/text-editors/neomacs/Cyberdeck-Emacs/emacs-cyberdeck/files/aiu-registration/cyberdeck/cyberdeck-keyboard/cores/boon-core
    0.39 loaded    /root/home/shape/Subnet/universe/galaxy/solar-system/planets/earth/computer-science/operating-systems/linux/text-editors/neomacs/Cyberdeck-Emacs/emacs-cyberdeck/files/aiu-registration/cyberdeck/aiu-frame/aiu-subnet
    0.39 loaded    /root/home/shape/Subnet/universe/galaxy/solar-system/planets/earth/computer-science/operating-systems/linux/text-editors/neomacs/Cyberdeck-Emacs/emacs-cyberdeck/files/aiu-registration/cyberdeck/cyberdeck-keyboard/leaders/aiu-proxy
    0.38 loaded    /root/home/shape/Subnet/universe/galaxy/solar-system/planets/earth/computer-science/operating-systems/linux/text-editors/neomacs/Cyberdeck-Emacs/emacs-cyberdeck/files/super-save
    0.38 loaded    /root/home/shape/Subnet/universe/galaxy/solar-system/planets/earth/computer-science/operating-systems/linux/text-editors/neomacs/Cyberdeck-Emacs/emacs-cyberdeck/talking-to-emacs/consult-yasnippet
    0.38 loaded    /root/home/shape/Subnet/universe/galaxy/solar-system/planets/earth/computer-science/operating-systems/linux/text-editors/neomacs/Cyberdeck-Emacs/emacs-cyberdeck/the-screen/modeline/mini-modeline
    0.38 loaded    /root/home/shape/Subnet/universe/galaxy/solar-system/planets/earth/computer-science/operating-systems/linux/text-editors/neomacs/Cyberdeck-Emacs/emacs-cyberdeck/files/aiu-registration/cyberdeck/aiu-frame/sync-hygiene
    0.38 loaded    /root/home/shape/Subnet/universe/galaxy/solar-system/planets/earth/computer-science/operating-systems/linux/text-editors/neomacs/Cyberdeck-Emacs/emacs-cyberdeck/files/aiu-registration/cyberdeck/aiu-frame/plugins/fast-captures/todo
    0.37 loaded    /root/home/shape/Subnet/universe/galaxy/solar-system/planets/earth/computer-science/operating-systems/linux/text-editors/neomacs/Cyberdeck-Emacs/emacs-cyberdeck/files/aiu-registration/cyberdeck/aiu-context/context-prompts/recipes/prep-time
    0.37 loaded    /root/home/shape/Subnet/universe/galaxy/solar-system/planets/earth/computer-science/operating-systems/linux/text-editors/neomacs/Cyberdeck-Emacs/emacs-cyberdeck/files/aiu-registration/cyberdeck/cyberdeck-keyboard/engine/scaffolding
    0.37 loaded    /root/home/shape/Subnet/universe/galaxy/solar-system/planets/earth/computer-science/operating-systems/linux/text-editors/neomacs/Cyberdeck-Emacs/emacs-cyberdeck/files/aiu-registration/cyberdeck/aiu-frame/plugins/rules
    0.37 loaded    /root/home/shape/Subnet/universe/galaxy/solar-system/planets/earth/computer-science/operating-systems/linux/text-editors/neomacs/Cyberdeck-Emacs/emacs-cyberdeck/files/aiu-registration/cyberdeck/cyberdeck-keyboard/states/treemacs
    0.37 loaded    /root/home/shape/Subnet/universe/galaxy/solar-system/planets/earth/computer-science/operating-systems/linux/text-editors/neomacs/Cyberdeck-Emacs/emacs-cyberdeck/files/aiu-registration/cyberdeck/cyberdeck-keyboard/leaders/windows
    0.37 loaded    /root/home/shape/Subnet/universe/galaxy/solar-system/planets/earth/computer-science/operating-systems/linux/text-editors/neomacs/Cyberdeck-Emacs/emacs-cyberdeck/files/aiu-registration/cyberdeck/aiu-frame/plugins/fast-captures/observations
    0.37 loaded    /root/home/shape/Subnet/universe/galaxy/solar-system/planets/earth/computer-science/operating-systems/linux/text-editors/neomacs/Cyberdeck-Emacs/emacs-cyberdeck/files/aiu-registration/cyberdeck/aiu-frame/tag-hierarchy
    0.36 loaded    /root/home/shape/Subnet/universe/galaxy/solar-system/planets/earth/computer-science/operating-systems/linux/text-editors/neomacs/Cyberdeck-Emacs/emacs-cyberdeck/files/aiu-registration/cyberdeck/aiu-frame/semantic-similar
    0.36 loaded    /root/home/shape/Subnet/universe/galaxy/solar-system/planets/earth/computer-science/operating-systems/linux/text-editors/neomacs/Cyberdeck-Emacs/emacs-cyberdeck/daily-editing/vundo
    0.36 loaded    /root/home/shape/Subnet/universe/galaxy/solar-system/planets/earth/computer-science/operating-systems/linux/text-editors/neomacs/Cyberdeck-Emacs/emacs-cyberdeck/files/aiu-registration/cyberdeck/aiu-frame/plugins/fast-captures/journal
    0.36 loaded    /root/home/shape/Subnet/universe/galaxy/solar-system/planets/earth/computer-science/operating-systems/linux/text-editors/neomacs/Cyberdeck-Emacs/emacs-cyberdeck/files/aiu-registration/cyberdeck/cyberdeck-keyboard/states/dired
    0.35 loaded    /root/home/shape/Subnet/universe/galaxy/solar-system/planets/earth/computer-science/operating-systems/linux/text-editors/neomacs/Cyberdeck-Emacs/emacs-cyberdeck/files/aiu-registration/cyberdeck/aiu-context/context-prompts/recipes/servings
    0.35 loaded    /root/home/shape/Subnet/universe/galaxy/solar-system/planets/earth/computer-science/operating-systems/linux/text-editors/neomacs/Cyberdeck-Emacs/emacs-cyberdeck/files/aiu-registration/cyberdeck/cyberdeck-keyboard/states/git-timemachine
    0.35 loaded    /root/home/shape/Subnet/universe/galaxy/solar-system/planets/earth/computer-science/operating-systems/linux/text-editors/neomacs/Cyberdeck-Emacs/emacs-cyberdeck/the-screen/modeline/install
    0.35 loaded    /root/home/shape/Subnet/universe/galaxy/solar-system/planets/earth/computer-science/operating-systems/linux/text-editors/neomacs/Cyberdeck-Emacs/emacs-cyberdeck/files/aiu-registration/cyberdeck/org-todo-states
    0.35 loaded    /root/home/shape/Subnet/universe/galaxy/solar-system/planets/earth/computer-science/operating-systems/linux/text-editors/neomacs/Cyberdeck-Emacs/emacs-cyberdeck/files/aiu-registration/cyberdeck/cyberdeck-keyboard/leaders/cyberdeck
    0.35 loaded    /root/home/shape/Subnet/universe/galaxy/solar-system/planets/earth/computer-science/operating-systems/linux/text-editors/neomacs/Cyberdeck-Emacs/emacs-cyberdeck/files/org-mode
    0.35 loaded    /root/home/shape/Subnet/universe/galaxy/solar-system/planets/earth/computer-science/operating-systems/linux/text-editors/neomacs/Cyberdeck-Emacs/emacs-cyberdeck/files/aiu-registration/cyberdeck/cyberdeck-keyboard/cores/key-selection
    0.35 loaded    /root/home/shape/Subnet/universe/galaxy/solar-system/planets/earth/computer-science/operating-systems/linux/text-editors/neomacs/Cyberdeck-Emacs/emacs-cyberdeck/files/aiu-registration/cyberdeck/cyberdeck-keyboard/leaders/search
    0.34 loaded    /root/home/shape/Subnet/universe/galaxy/solar-system/planets/earth/computer-science/operating-systems/linux/text-editors/neomacs/Cyberdeck-Emacs/emacs-cyberdeck/files/aiu-registration/cyberdeck/aiu-frame/git-vs-backup-system
    0.34 loaded    /root/home/shape/Subnet/universe/galaxy/solar-system/planets/earth/computer-science/operating-systems/linux/text-editors/neomacs/Cyberdeck-Emacs/emacs-cyberdeck/files/aiu-registration/cyberdeck/cyberdeck-keyboard/leaders/registers
    0.34 loaded    /root/home/shape/Subnet/universe/galaxy/solar-system/planets/earth/computer-science/operating-systems/linux/text-editors/neomacs/Cyberdeck-Emacs/emacs-cyberdeck/files/aiu-registration/cyberdeck/aiu-context/context-prompts/recipes/ready-in
    0.34 loaded    /root/home/shape/Subnet/universe/galaxy/solar-system/planets/earth/computer-science/operating-systems/linux/text-editors/neomacs/Cyberdeck-Emacs/emacs-cyberdeck/files/aiu-registration/cyberdeck/cyberdeck-keyboard/states/cyberdeck-pick
    0.34 loaded    /root/home/shape/Subnet/universe/galaxy/solar-system/planets/earth/computer-science/operating-systems/linux/text-editors/neomacs/Cyberdeck-Emacs/emacs-cyberdeck/files/aiu-registration/cyberdeck/cyberdeck-keyboard/leaders/activities
    0.34 loaded    /root/home/shape/Subnet/universe/galaxy/solar-system/planets/earth/computer-science/operating-systems/linux/text-editors/neomacs/Cyberdeck-Emacs/emacs-cyberdeck/under-the-hood/benchmark-init
    0.34 loaded    /root/home/shape/Subnet/universe/galaxy/solar-system/planets/earth/computer-science/operating-systems/linux/text-editors/neomacs/Cyberdeck-Emacs/emacs-cyberdeck/files/aiu-registration/cyberdeck/aiu-frame/plugins/recipes
    0.33 loaded    /root/home/shape/Subnet/universe/galaxy/solar-system/planets/earth/computer-science/operating-systems/linux/text-editors/neomacs/Cyberdeck-Emacs/emacs-cyberdeck/files/aiu-registration/cyberdeck/aiu-frame/plugins/citation
    0.33 loaded    /root/home/shape/Subnet/universe/galaxy/solar-system/planets/earth/computer-science/operating-systems/linux/text-editors/neomacs/Cyberdeck-Emacs/emacs-cyberdeck/files/aiu-registration/cyberdeck/cyberdeck-keyboard/states/org-aiu-subnet
    0.33 loaded    /root/home/shape/Subnet/universe/galaxy/solar-system/planets/earth/computer-science/operating-systems/linux/text-editors/neomacs/Cyberdeck-Emacs/emacs-cyberdeck/files/aiu-registration/cyberdeck/cyberdeck-keyboard/engine/state-machine
    0.33 loaded    /root/home/shape/Subnet/universe/galaxy/solar-system/planets/earth/computer-science/operating-systems/linux/text-editors/neomacs/Cyberdeck-Emacs/emacs-cyberdeck/files/aiu-registration/cyberdeck/cyberdeck-keyboard/leaders/browse
    0.33 loaded    /root/home/shape/Subnet/universe/galaxy/solar-system/planets/earth/computer-science/operating-systems/linux/text-editors/neomacs/Cyberdeck-Emacs/emacs-cyberdeck/the-screen/miniedit
    0.33 loaded    /root/home/shape/Subnet/universe/galaxy/solar-system/planets/earth/computer-science/operating-systems/linux/text-editors/neomacs/Cyberdeck-Emacs/emacs-cyberdeck/files/aiu-registration/cyberdeck/cyberdeck-keyboard/leaders/main
    0.33 loaded    /root/home/shape/Subnet/universe/galaxy/solar-system/planets/earth/computer-science/operating-systems/linux/text-editors/neomacs/Cyberdeck-Emacs/emacs-cyberdeck/files/aiu-registration/cyberdeck/aiu-frame/aiu-subnet-draw
    0.33 loaded    /root/home/shape/Subnet/universe/galaxy/solar-system/planets/earth/computer-science/operating-systems/linux/text-editors/neomacs/Cyberdeck-Emacs/emacs-cyberdeck/talking-to-emacs/caps-lock
    0.32 loaded    /root/home/shape/Subnet/universe/galaxy/solar-system/planets/earth/computer-science/operating-systems/linux/text-editors/neomacs/Cyberdeck-Emacs/emacs-cyberdeck/files/aiu-registration/cyberdeck/cyberdeck-keyboard/leaders/aiu-subnet
    0.32 loaded    /root/home/shape/Subnet/universe/galaxy/solar-system/planets/earth/computer-science/operating-systems/linux/text-editors/neomacs/Cyberdeck-Emacs/emacs-cyberdeck/the-screen/golden-ratio
    0.32 loaded    /root/home/shape/Subnet/universe/galaxy/solar-system/planets/earth/computer-science/operating-systems/linux/text-editors/neomacs/Cyberdeck-Emacs/emacs-cyberdeck/files/aiu-registration/cyberdeck/cyberdeck-keyboard/states/ibuffer
    0.32 loaded    /root/home/shape/Subnet/universe/galaxy/solar-system/planets/earth/computer-science/operating-systems/linux/text-editors/neomacs/Cyberdeck-Emacs/emacs-cyberdeck/files/aiu-registration/cyberdeck/aiu-frame/promote-tool
    0.32 loaded    /root/home/shape/Subnet/universe/galaxy/solar-system/planets/earth/computer-science/operating-systems/linux/text-editors/neomacs/Cyberdeck-Emacs/emacs-cyberdeck/files/aiu-registration/cyberdeck/aiu-frame/query-language
    0.32 loaded    /root/home/shape/Subnet/universe/galaxy/solar-system/planets/earth/computer-science/operating-systems/linux/text-editors/neomacs/Cyberdeck-Emacs/emacs-cyberdeck/files/aiu-registration/cyberdeck/cyberdeck-keyboard/leaders/bookmarks
    0.32 loaded    /root/home/shape/Subnet/universe/galaxy/solar-system/planets/earth/computer-science/operating-systems/linux/text-editors/neomacs/Cyberdeck-Emacs/emacs-cyberdeck/files/aiu-registration/cyberdeck/aiu-frame/plugins/dictionary
    0.32 loaded    /root/home/shape/Subnet/universe/galaxy/solar-system/planets/earth/computer-science/operating-systems/linux/text-editors/neomacs/Cyberdeck-Emacs/emacs-cyberdeck/files/aiu-registration/cyberdeck/cyberdeck-keyboard/cores/key-chord-core
    0.32 loaded    /root/home/shape/Subnet/universe/galaxy/solar-system/planets/earth/computer-science/operating-systems/linux/text-editors/neomacs/Cyberdeck-Emacs/emacs-cyberdeck/files/aiu-registration/cyberdeck/aiu-frame/core-helpers
    0.31 loaded    /root/home/shape/Subnet/universe/galaxy/solar-system/planets/earth/computer-science/operating-systems/linux/text-editors/neomacs/Cyberdeck-Emacs/emacs-cyberdeck/building-things/hl-todo
    0.31 loaded    /root/home/shape/Subnet/universe/galaxy/solar-system/planets/earth/computer-science/operating-systems/linux/text-editors/neomacs/Cyberdeck-Emacs/emacs-cyberdeck/talking-to-emacs/corfu
    0.31 loaded    /root/home/shape/Subnet/universe/galaxy/solar-system/planets/earth/computer-science/operating-systems/linux/text-editors/neomacs/Cyberdeck-Emacs/emacs-cyberdeck/files/aiu-registration/cyberdeck/aiu-frame/agent-api
    0.31 loaded    /root/home/shape/Subnet/universe/galaxy/solar-system/planets/earth/computer-science/operating-systems/linux/text-editors/neomacs/Cyberdeck-Emacs/emacs-cyberdeck/files/aiu-registration/cyberdeck/cyberdeck-keyboard/leaders/dev
    0.31 loaded    /root/home/shape/Subnet/universe/galaxy/solar-system/planets/earth/computer-science/operating-systems/linux/text-editors/neomacs/Cyberdeck-Emacs/emacs-cyberdeck/files/aiu-registration/cyberdeck/cyberdeck-keyboard/leaders/git
    0.31 loaded    /root/home/shape/Subnet/universe/galaxy/solar-system/planets/earth/computer-science/operating-systems/linux/text-editors/neomacs/Cyberdeck-Emacs/emacs-cyberdeck/files/aiu-registration/cyberdeck/cyberdeck-keyboard/engine/menus
    0.31 loaded    /root/home/shape/Subnet/universe/galaxy/solar-system/planets/earth/computer-science/operating-systems/linux/text-editors/neomacs/Cyberdeck-Emacs/emacs-cyberdeck/files/aiu-registration/cyberdeck/aiu-frame/aiu-transactions
    0.31 loaded    /root/home/shape/Subnet/universe/galaxy/solar-system/planets/earth/computer-science/operating-systems/linux/text-editors/neomacs/Cyberdeck-Emacs/emacs-cyberdeck/building-things/comment-tags
    0.31 loaded    /root/home/shape/Subnet/universe/galaxy/solar-system/planets/earth/computer-science/operating-systems/linux/text-editors/neomacs/Cyberdeck-Emacs/emacs-cyberdeck/files/aiu-registration/cyberdeck/cyberdeck-keyboard/states/org
    0.31 loaded    /root/home/shape/Subnet/universe/galaxy/solar-system/planets/earth/computer-science/operating-systems/linux/text-editors/neomacs/Cyberdeck-Emacs/emacs-cyberdeck/files/aiu-registration/cyberdeck/aiu-frame/aiu-view
    0.31 loaded    /root/home/shape/Subnet/universe/galaxy/solar-system/planets/earth/computer-science/operating-systems/linux/text-editors/neomacs/Cyberdeck-Emacs/emacs-cyberdeck/files/aiu-registration/cyberdeck/cyberdeck-keyboard/states/normal
    0.31 loaded    /root/home/shape/Subnet/universe/galaxy/solar-system/planets/earth/computer-science/operating-systems/linux/text-editors/neomacs/Cyberdeck-Emacs/emacs-cyberdeck/files/aiu-registration/cyberdeck/cyberdeck-keyboard/leaders/files
    0.30 loaded    /root/home/shape/Subnet/universe/galaxy/solar-system/planets/earth/computer-science/operating-systems/linux/text-editors/neomacs/Cyberdeck-Emacs/emacs-cyberdeck/files/aiu-registration/cyberdeck/aiu-frame/discovery-stream
    0.30 loaded    /root/home/shape/Subnet/universe/galaxy/solar-system/planets/earth/computer-science/operating-systems/linux/text-editors/neomacs/Cyberdeck-Emacs/emacs-cyberdeck/files/aiu-registration/cyberdeck/cyberdeck-keyboard/leaders/buffers
    0.30 loaded    /root/home/shape/Subnet/universe/galaxy/solar-system/planets/earth/computer-science/operating-systems/linux/text-editors/neomacs/Cyberdeck-Emacs/emacs-cyberdeck/files/aiu-registration/cyberdeck/aiu-frame/tag-manager
    0.30 loaded    /root/home/shape/Subnet/universe/galaxy/solar-system/planets/earth/computer-science/operating-systems/linux/text-editors/neomacs/Cyberdeck-Emacs/emacs-cyberdeck/files/aiu-registration/cyberdeck/cyberdeck-keyboard/leaders/org
    0.30 loaded    /root/home/shape/Subnet/universe/galaxy/solar-system/planets/earth/computer-science/operating-systems/linux/text-editors/neomacs/Cyberdeck-Emacs/emacs-cyberdeck/files/aiu-registration/cyberdeck/cyberdeck-keyboard/cores/meow-core
    0.30 loaded    /root/home/shape/Subnet/universe/galaxy/solar-system/planets/earth/computer-science/operating-systems/linux/text-editors/neomacs/Cyberdeck-Emacs/emacs-cyberdeck/files/aiu-registration/cyberdeck/cyberdeck-keyboard/leaders/keyselect
    0.30 loaded    /root/home/shape/Subnet/universe/galaxy/solar-system/planets/earth/computer-science/operating-systems/linux/text-editors/neomacs/Cyberdeck-Emacs/emacs-cyberdeck/files/aiu-registration/cyberdeck/aiu-frame/unlinked-mentions
    0.30 loaded    /root/home/shape/Subnet/universe/galaxy/solar-system/planets/earth/computer-science/operating-systems/linux/text-editors/neomacs/Cyberdeck-Emacs/emacs-cyberdeck/files/aiu-registration/cyberdeck/aiu-frame/persistence-hygiene
    0.30 loaded    /root/home/shape/Subnet/universe/galaxy/solar-system/planets/earth/computer-science/operating-systems/linux/text-editors/neomacs/Cyberdeck-Emacs/emacs-cyberdeck/building-things/projectile
    0.30 loaded    /root/home/shape/Subnet/universe/galaxy/solar-system/planets/earth/computer-science/operating-systems/linux/text-editors/neomacs/Cyberdeck-Emacs/emacs-cyberdeck/files/aiu-registration/cyberdeck/cyberdeck-keyboard/states/presentation
    0.30 loaded    /root/home/shape/Subnet/universe/galaxy/solar-system/planets/earth/computer-science/operating-systems/linux/text-editors/neomacs/Cyberdeck-Emacs/emacs-cyberdeck/files/aiu-registration/cyberdeck/aiu-frame/automation-engine
    0.30 loaded    /root/home/shape/Subnet/universe/galaxy/solar-system/planets/earth/computer-science/operating-systems/linux/text-editors/neomacs/Cyberdeck-Emacs/emacs-cyberdeck/the-screen/modeline/header
    0.30 loaded    /root/home/shape/Subnet/universe/galaxy/solar-system/planets/earth/computer-science/operating-systems/linux/text-editors/neomacs/Cyberdeck-Emacs/emacs-cyberdeck/files/aiu-registration/cyberdeck/aiu-frame/inline-hashtag
    0.29 loaded    /root/home/shape/Subnet/universe/galaxy/solar-system/planets/earth/computer-science/operating-systems/linux/text-editors/neomacs/Cyberdeck-Emacs/emacs-cyberdeck/files/aiu-registration/cyberdeck/aiu-context/aiu-contexts
    0.29 loaded    /root/home/shape/Subnet/universe/galaxy/solar-system/planets/earth/computer-science/operating-systems/linux/text-editors/neomacs/Cyberdeck-Emacs/emacs-cyberdeck/files/aiu-registration/cyberdeck/aiu-frame/tag-stream
    0.29 loaded    /root/home/shape/Subnet/universe/galaxy/solar-system/planets/earth/computer-science/operating-systems/linux/text-editors/neomacs/Cyberdeck-Emacs/emacs-cyberdeck/files/aiu-registration/cyberdeck/aiu-frame/ai-proposals
    0.29 loaded    /root/home/shape/Subnet/universe/galaxy/solar-system/planets/earth/computer-science/operating-systems/linux/text-editors/neomacs/Cyberdeck-Emacs/emacs-cyberdeck/files/aiu-registration/cyberdeck/aiu-frame/plugins/emacs-mechanism/auto-cyberdeck
    0.29 loaded    /root/home/shape/Subnet/universe/galaxy/solar-system/planets/earth/computer-science/operating-systems/linux/text-editors/neomacs/Cyberdeck-Emacs/emacs-cyberdeck/talking-to-emacs/consult
    0.28 loaded    /root/home/shape/Subnet/universe/galaxy/solar-system/planets/earth/computer-science/operating-systems/linux/text-editors/neomacs/Cyberdeck-Emacs/emacs-cyberdeck/files/aiu-registration/cyberdeck/aiu-frame/data-doctor
    0.28 loaded    /root/home/shape/Subnet/universe/galaxy/solar-system/planets/earth/computer-science/operating-systems/linux/text-editors/neomacs/Cyberdeck-Emacs/emacs-cyberdeck/shaping-the-tool/straight
    0.27 loaded    /root/home/shape/Subnet/universe/galaxy/solar-system/planets/earth/computer-science/operating-systems/linux/text-editors/neomacs/Cyberdeck-Emacs/emacs-cyberdeck/files/aiu-registration/cyberdeck/cyberdeck-keyboard/states/magit
    0.27 loaded    /root/home/shape/Subnet/universe/galaxy/solar-system/planets/earth/computer-science/operating-systems/linux/text-editors/neomacs/Cyberdeck-Emacs/emacs-cyberdeck/files/deft
    0.27 loaded    /root/home/shape/Subnet/universe/galaxy/solar-system/planets/earth/computer-science/operating-systems/linux/text-editors/neomacs/Cyberdeck-Emacs/emacs-cyberdeck/reaching-outward/shell
    0.27 loaded    /root/home/shape/Subnet/universe/galaxy/solar-system/planets/earth/computer-science/operating-systems/linux/text-editors/neomacs/Cyberdeck-Emacs/emacs-cyberdeck/talking-to-emacs/cape
    0.26 loaded    /root/home/shape/Subnet/universe/galaxy/solar-system/planets/earth/computer-science/operating-systems/linux/text-editors/neomacs/Cyberdeck-Emacs/emacs-cyberdeck/under-the-hood/desktop-session-persistence
    0.26 loaded    /root/home/shape/Subnet/universe/galaxy/solar-system/planets/earth/computer-science/operating-systems/linux/text-editors/neomacs/Cyberdeck-Emacs/emacs-cyberdeck/talking-to-emacs/consult-org-heading
    0.24 loaded    /root/home/shape/Subnet/universe/galaxy/solar-system/planets/earth/computer-science/operating-systems/linux/text-editors/neomacs/Cyberdeck-Emacs/emacs-cyberdeck/files/aiu-registration/cyberdeck/aiu-frame/plugins/emacs-mechanism/agent-file
    0.23 loaded    /root/home/shape/Subnet/universe/galaxy/solar-system/planets/earth/computer-science/operating-systems/linux/text-editors/neomacs/Cyberdeck-Emacs/emacs-cyberdeck/the-screen/nerd-icons
    0.23 loaded    /root/home/shape/Subnet/universe/galaxy/solar-system/planets/earth/computer-science/operating-systems/linux/text-editors/neomacs/Cyberdeck-Emacs/emacs-cyberdeck/files/aiu-registration/cyberdeck/aiu-frame/aiu-subnet-sync
    0.21 loaded    /root/home/shape/Subnet/universe/galaxy/solar-system/planets/earth/computer-science/operating-systems/linux/text-editors/neomacs/Cyberdeck-Emacs/emacs-cyberdeck/the-screen/modeline/cores/stock
    0.20 loaded    /root/home/shape/Subnet/universe/galaxy/solar-system/planets/earth/computer-science/operating-systems/linux/text-editors/neomacs/Cyberdeck-Emacs/emacs-cyberdeck/the-screen/modeline/widgets/modified
    0.19 loaded    /root/home/shape/Subnet/universe/galaxy/solar-system/planets/earth/computer-science/operating-systems/linux/text-editors/neomacs/Cyberdeck-Emacs/emacs-cyberdeck/the-screen/modeline/engine/setup
    0.19 loaded    /root/home/shape/Subnet/universe/galaxy/solar-system/planets/earth/computer-science/operating-systems/linux/text-editors/neomacs/Cyberdeck-Emacs/emacs-cyberdeck/the-screen/modeline/widgets/aiu-frame
    0.19 loaded    /root/home/shape/Subnet/universe/galaxy/solar-system/planets/earth/computer-science/operating-systems/linux/text-editors/neomacs/Cyberdeck-Emacs/emacs-cyberdeck/the-screen/modeline/widgets/position
    0.19 loaded    /root/home/shape/Subnet/universe/galaxy/solar-system/planets/earth/computer-science/operating-systems/linux/text-editors/neomacs/Cyberdeck-Emacs/emacs-cyberdeck/the-screen/modeline/widgets/buffer-id
    0.18 loaded    /root/home/shape/Subnet/universe/galaxy/solar-system/planets/earth/computer-science/operating-systems/linux/text-editors/neomacs/Cyberdeck-Emacs/emacs-cyberdeck/the-screen/modeline/widgets/keyboard-state
    0.18 loaded    /root/home/shape/Subnet/universe/galaxy/solar-system/planets/earth/computer-science/operating-systems/linux/text-editors/neomacs/Cyberdeck-Emacs/emacs-cyberdeck/files/aiu-registration/cyberdeck/aiu-frame/sidebar
    0.18 loaded    /root/home/shape/Subnet/universe/galaxy/solar-system/planets/earth/computer-science/operating-systems/linux/text-editors/neomacs/Cyberdeck-Emacs/emacs-cyberdeck/the-screen/modeline/widgets/vc
    0.17 loaded    /root/home/shape/Subnet/universe/galaxy/solar-system/planets/earth/computer-science/operating-systems/linux/text-editors/neomacs/Cyberdeck-Emacs/emacs-cyberdeck/the-screen/modeline/widgets/datetime
    0.17 loaded    /root/home/shape/Subnet/universe/galaxy/solar-system/planets/earth/computer-science/operating-systems/linux/text-editors/neomacs/Cyberdeck-Emacs/emacs-cyberdeck/reaching-outward/request
    0.17 loaded    /root/home/shape/Subnet/universe/galaxy/solar-system/planets/earth/computer-science/operating-systems/linux/text-editors/neomacs/Cyberdeck-Emacs/emacs-cyberdeck/the-screen/modeline/faces
    0.17 loaded    /root/home/shape/Subnet/universe/galaxy/solar-system/planets/earth/computer-science/operating-systems/linux/text-editors/neomacs/Cyberdeck-Emacs/emacs-cyberdeck/the-screen/modeline/engine/macros
    0.16 loaded    /root/home/shape/Subnet/universe/galaxy/solar-system/planets/earth/computer-science/operating-systems/linux/text-editors/neomacs/Cyberdeck-Emacs/emacs-cyberdeck/the-screen/modeline/widgets/fuzzy-clock
    0.16 loaded    /root/home/shape/Subnet/universe/galaxy/solar-system/planets/earth/computer-science/operating-systems/linux/text-editors/neomacs/Cyberdeck-Emacs/emacs-cyberdeck/talking-to-emacs/pretty-hydra
    0.15 loaded    /root/home/shape/Subnet/universe/galaxy/solar-system/planets/earth/computer-science/operating-systems/linux/text-editors/neomacs/Cyberdeck-Emacs/emacs-cyberdeck/the-screen/modeline/widgets/doctor
    0.13 loaded    /root/home/shape/Subnet/universe/galaxy/solar-system/planets/earth/computer-science/operating-systems/linux/text-editors/neomacs/Cyberdeck-Emacs/emacs-cyberdeck/building-things/project
